🔄 Fetching data from ThingSpeak...
🔄 ThingSpeak data fetching started
🚨 Alert monitoring started
Executing (default): SELECT 1+1 AS result
✅ Database connection established successfully.
Executing (default): SELECT TABLE_NAME FROM INFORMATION_SCHEMA.TABLES WHERE TABLE_TYPE = 'BASE TABLE' AND TABLE_NAME = 'users' AND TABLE_SCHEMA = 'landslide_ews'
Executing (default): SHOW FULL COLUMNS FROM `users`;
Executing (default): SELECT CONSTRAINT_NAME as constraint_name,CONSTRAINT_NAME as constraintName,CONSTRAINT_SCHEMA as constraintSchema,CONSTRAINT_SCHEMA as constraintCatalog,TABLE_NAME as tableName,TABLE_SCHEMA as tableSchema,TABLE_SCHEMA as tableCatalog,COLUMN_NAME as columnName,REFERENCED_TABLE_SCHEMA as referencedTableSchema,REFERENCED_TABLE_SCHEMA as referencedTableCatalog,REFERENCED_TABLE_NAME as referencedTableName,REFERENCED_COLUMN_NAME as referencedColumnName FROM INFORMATION_SCHEMA.KEY_COLUMN_USAGE where TABLE_NAME = 'users' AND CONSTRAINT_NAME!='PRIMARY' AND CONSTRAINT_SCHEMA='landslide_ews' AND REFERENCED_TABLE_NAME IS NOT NULL;
Executing (default): ALTER TABLE `users` CHANGE `username` `username` VARCHAR(50) NOT NULL UNIQUE;
Executing (default): ALTER TABLE `users` CHANGE `password_hash` `password_hash` VARCHAR(255) NOT NULL;
Executing (default): ALTER TABLE `users` CHANGE `full_name` `full_name` VARCHAR(100) NOT NULL;
Executing (default): ALTER TABLE `users` CHANGE `email` `email` VARCHAR(100) NOT NULL UNIQUE;
Executing (default): ALTER TABLE `users` CHANGE `role` `role` ENUM('admin', 'operator', 'viewer', 'visitor') DEFAULT 'viewer';
Executing (default): ALTER TABLE `users` CHANGE `is_active` `is_active` TINYINT(1) DEFAULT true;
Executing (default): ALTER TABLE `users` CHANGE `last_login` `last_login` DATETIME;
Executing (default): ALTER TABLE `users` CHANGE `created_at` `created_at` DATETIME NOT NULL;
Executing (default): ALTER TABLE `users` CHANGE `updated_at` `updated_at` DATETIME NOT NULL;
Executing (default): SHOW INDEX FROM `users`
Executing (default): SELECT TABLE_NAME FROM INFORMATION_SCHEMA.TABLES WHERE TABLE_TYPE = 'BASE TABLE' AND TABLE_NAME = 'locations' AND TABLE_SCHEMA = 'landslide_ews'
Executing (default): SHOW FULL COLUMNS FROM `locations`;
Executing (default): SELECT CONSTRAINT_NAME as constraint_name,CONSTRAINT_NAME as constraintName,CONSTRAINT_SCHEMA as constraintSchema,CONSTRAINT_SCHEMA as constraintCatalog,TABLE_NAME as tableName,TABLE_SCHEMA as tableSchema,TABLE_SCHEMA as tableCatalog,COLUMN_NAME as columnName,REFERENCED_TABLE_SCHEMA as referencedTableSchema,REFERENCED_TABLE_SCHEMA as referencedTableCatalog,REFERENCED_TABLE_NAME as referencedTableName,REFERENCED_COLUMN_NAME as referencedColumnName FROM INFORMATION_SCHEMA.KEY_COLUMN_USAGE where TABLE_NAME = 'locations' AND CONSTRAINT_NAME!='PRIMARY' AND CONSTRAINT_SCHEMA='landslide_ews' AND REFERENCED_TABLE_NAME IS NOT NULL;
Executing (default): ALTER TABLE `locations` CHANGE `name` `name` VARCHAR(100) NOT NULL;
Executing (default): ALTER TABLE `locations` CHANGE `description` `description` TEXT;
Executing (default): ALTER TABLE `locations` CHANGE `latitude` `latitude` DECIMAL(10,8) NOT NULL;
Executing (default): SELECT `SensorNode`.`id`, `SensorNode`.`node_id`, `SensorNode`.`name`, `SensorNode`.`location_id`, `SensorNode`.`sensor_type`, `SensorNode`.`status`, `SensorNode`.`battery_level`, `SensorNode`.`last_seen`, `SensorNode`.`firmware_version`, `SensorNode`.`hardware_version`, `SensorNode`.`installation_date`, `SensorNode`.`is_active`, `SensorNode`.`created_at` AS `createdAt`, `SensorNode`.`updated_at` AS `updatedAt`, `location`.`id` AS `location.id`, `location`.`name` AS `location.name`, `location`.`description` AS `location.description`, `location`.`latitude` AS `location.latitude`, `location`.`longitude` AS `location.longitude`, `location`.`altitude` AS `location.altitude`, `location`.`region` AS `location.region`, `location`.`risk_level` AS `location.risk_level`, `location`.`is_active` AS `location.is_active`, `location`.`created_at` AS `location.createdAt`, `location`.`updated_at` AS `location.updatedAt` FROM `sensor_nodes` AS `SensorNode` LEFT OUTER JOIN `locations` AS `location` ON `SensorNode`.`location_id` = `location`.`id` WHERE `SensorNode`.`node_id` = 'NODE-001';
Executing (default): ALTER TABLE `locations` CHANGE `longitude` `longitude` DECIMAL(11,8) NOT NULL;
Executing (default): INSERT INTO `sensor_data` (`id`,`node_id`,`location_id`,`rainfall`,`soil_moisture`,`tilt_x`,`tilt_y`,`vibration`,`temperature`,`pressure`,`risk_score`,`risk_level`,`reading_timestamp`,`created_at`,`updated_at`) VALUES (DEFAULT,?,?,?,?,?,?,?,?,?,?,?,?,?,?);
Executing (default): ALTER TABLE `locations` CHANGE `altitude` `altitude` DECIMAL(8,2);
Executing (default): UPDATE `sensor_nodes` SET `last_seen`=?,`status`=?,`battery_level`=?,`updated_at`=? WHERE `node_id` = ?
Executing (default): ALTER TABLE `locations` CHANGE `region` `region` VARCHAR(100);
Executing (default): ALTER TABLE `locations` CHANGE `risk_level` `risk_level` ENUM('low', 'medium', 'high', 'critical') DEFAULT 'low';
Executing (default): ALTER TABLE `locations` CHANGE `is_active` `is_active` TINYINT(1) DEFAULT true;
Executing (default): ALTER TABLE `locations` CHANGE `created_at` `created_at` DATETIME NOT NULL;
Executing (default): ALTER TABLE `locations` CHANGE `updated_at` `updated_at` DATETIME NOT NULL;
✅ ThingSpeak data fetch completed
Executing (default): SHOW INDEX FROM `locations`
Executing (default): SELECT TABLE_NAME FROM INFORMATION_SCHEMA.TABLES WHERE TABLE_TYPE = 'BASE TABLE' AND TABLE_NAME = 'sensor_nodes' AND TABLE_SCHEMA = 'landslide_ews'
Executing (default): SHOW FULL COLUMNS FROM `sensor_nodes`;
Executing (default): SELECT CONSTRAINT_NAME as constraint_name,CONSTRAINT_NAME as constraintName,CONSTRAINT_SCHEMA as constraintSchema,CONSTRAINT_SCHEMA as constraintCatalog,TABLE_NAME as tableName,TABLE_SCHEMA as tableSchema,TABLE_SCHEMA as tableCatalog,COLUMN_NAME as columnName,REFERENCED_TABLE_SCHEMA as referencedTableSchema,REFERENCED_TABLE_SCHEMA as referencedTableCatalog,REFERENCED_TABLE_NAME as referencedTableName,REFERENCED_COLUMN_NAME as referencedColumnName FROM INFORMATION_SCHEMA.KEY_COLUMN_USAGE where TABLE_NAME = 'sensor_nodes' AND CONSTRAINT_NAME!='PRIMARY' AND CONSTRAINT_SCHEMA='landslide_ews' AND REFERENCED_TABLE_NAME IS NOT NULL;
Executing (default): ALTER TABLE `sensor_nodes` CHANGE `node_id` `node_id` VARCHAR(50) NOT NULL UNIQUE;
Executing (default): ALTER TABLE `sensor_nodes` CHANGE `name` `name` VARCHAR(100) NOT NULL;
Executing (default): SELECT CONSTRAINT_CATALOG AS constraintCatalog, CONSTRAINT_NAME AS constraintName, CONSTRAINT_SCHEMA AS constraintSchema, CONSTRAINT_TYPE AS constraintType, TABLE_NAME AS tableName, TABLE_SCHEMA AS tableSchema from INFORMATION_SCHEMA.TABLE_CONSTRAINTS WHERE table_name='sensor_nodes' AND constraint_name = 'sensor_nodes_ibfk_1' AND TABLE_SCHEMA = 'landslide_ews';
Executing (default): ALTER TABLE `sensor_nodes` DROP FOREIGN KEY `sensor_nodes_ibfk_1`;
Executing (default): ALTER TABLE `sensor_nodes` ADD FOREIGN KEY (`location_id`) REFERENCES `locations` (`id`) ON DELETE CASCADE ON UPDATE CASCADE;
Executing (default): ALTER TABLE `sensor_nodes` CHANGE `sensor_type` `sensor_type` ENUM('rainfall', 'soil_moisture', 'tilt', 'vibration', 'temperature', 'multi') DEFAULT 'multi';
Executing (default): ALTER TABLE `sensor_nodes` CHANGE `status` `status` ENUM('online', 'offline', 'maintenance') DEFAULT 'offline';
Executing (default): ALTER TABLE `sensor_nodes` CHANGE `battery_level` `battery_level` DECIMAL(5,2) DEFAULT 100;
Executing (default): ALTER TABLE `sensor_nodes` CHANGE `last_seen` `last_seen` DATETIME;
Executing (default): ALTER TABLE `sensor_nodes` CHANGE `firmware_version` `firmware_version` VARCHAR(20);
Executing (default): ALTER TABLE `sensor_nodes` CHANGE `hardware_version` `hardware_version` VARCHAR(20);
Executing (default): ALTER TABLE `sensor_nodes` CHANGE `installation_date` `installation_date` DATE;
Executing (default): ALTER TABLE `sensor_nodes` CHANGE `is_active` `is_active` TINYINT(1) DEFAULT true;
Executing (default): ALTER TABLE `sensor_nodes` CHANGE `created_at` `created_at` DATETIME NOT NULL;
Executing (default): ALTER TABLE `sensor_nodes` CHANGE `updated_at` `updated_at` DATETIME NOT NULL;
Executing (default): SHOW INDEX FROM `sensor_nodes`
Executing (default): SELECT TABLE_NAME FROM INFORMATION_SCHEMA.TABLES WHERE TABLE_TYPE = 'BASE TABLE' AND TABLE_NAME = 'sensor_data' AND TABLE_SCHEMA = 'landslide_ews'
Executing (default): SHOW FULL COLUMNS FROM `sensor_data`;
Executing (default): SELECT CONSTRAINT_NAME as constraint_name,CONSTRAINT_NAME as constraintName,CONSTRAINT_SCHEMA as constraintSchema,CONSTRAINT_SCHEMA as constraintCatalog,TABLE_NAME as tableName,TABLE_SCHEMA as tableSchema,TABLE_SCHEMA as tableCatalog,COLUMN_NAME as columnName,REFERENCED_TABLE_SCHEMA as referencedTableSchema,REFERENCED_TABLE_SCHEMA as referencedTableCatalog,REFERENCED_TABLE_NAME as referencedTableName,REFERENCED_COLUMN_NAME as referencedColumnName FROM INFORMATION_SCHEMA.KEY_COLUMN_USAGE where TABLE_NAME = 'sensor_data' AND CONSTRAINT_NAME!='PRIMARY' AND CONSTRAINT_SCHEMA='landslide_ews' AND REFERENCED_TABLE_NAME IS NOT NULL;
Executing (default): SELECT CONSTRAINT_CATALOG AS constraintCatalog, CONSTRAINT_NAME AS constraintName, CONSTRAINT_SCHEMA AS constraintSchema, CONSTRAINT_TYPE AS constraintType, TABLE_NAME AS tableName, TABLE_SCHEMA AS tableSchema from INFORMATION_SCHEMA.TABLE_CONSTRAINTS WHERE table_name='sensor_data' AND constraint_name = 'sensor_data_ibfk_51' AND TABLE_SCHEMA = 'landslide_ews';
Executing (default): ALTER TABLE `sensor_data` DROP FOREIGN KEY `sensor_data_ibfk_51`;
Executing (default): ALTER TABLE `sensor_data` ADD FOREIGN KEY (`node_id`) REFERENCES `sensor_nodes` (`node_id`) ON DELETE CASCADE ON UPDATE CASCADE;
Executing (default): SELECT CONSTRAINT_CATALOG AS constraintCatalog, CONSTRAINT_NAME AS constraintName, CONSTRAINT_SCHEMA AS constraintSchema, CONSTRAINT_TYPE AS constraintType, TABLE_NAME AS tableName, TABLE_SCHEMA AS tableSchema from INFORMATION_SCHEMA.TABLE_CONSTRAINTS WHERE table_name='sensor_data' AND constraint_name = 'sensor_data_ibfk_52' AND TABLE_SCHEMA = 'landslide_ews';
Executing (default): ALTER TABLE `sensor_data` DROP FOREIGN KEY `sensor_data_ibfk_52`;
Executing (default): ALTER TABLE `sensor_data` ADD FOREIGN KEY (`location_id`) REFERENCES `locations` (`id`) ON DELETE CASCADE ON UPDATE CASCADE;
Executing (default): ALTER TABLE `sensor_data` CHANGE `rainfall` `rainfall` DECIMAL(6,2) COMMENT 'mm/hr';
Executing (default): ALTER TABLE `sensor_data` CHANGE `soil_moisture` `soil_moisture` DECIMAL(5,2) COMMENT 'percentage';
Executing (default): ALTER TABLE `sensor_data` CHANGE `tilt_x` `tilt_x` DECIMAL(5,2) COMMENT 'degrees';
Executing (default): ALTER TABLE `sensor_data` CHANGE `tilt_y` `tilt_y` DECIMAL(5,2) COMMENT 'degrees';
Executing (default): ALTER TABLE `sensor_data` CHANGE `vibration` `vibration` DECIMAL(5,3) COMMENT 'g-force';
Executing (default): ALTER TABLE `sensor_data` CHANGE `temperature` `temperature` DECIMAL(5,2) COMMENT 'celsius';
Executing (default): ALTER TABLE `sensor_data` CHANGE `pressure` `pressure` DECIMAL(7,2) COMMENT 'hPa';
Executing (default): ALTER TABLE `sensor_data` CHANGE `battery` `battery` DECIMAL(5,2) COMMENT 'percentage';
Executing (default): ALTER TABLE `sensor_data` CHANGE `signal_strength` `signal_strength` DECIMAL(5,2) COMMENT 'dBm';
Executing (default): ALTER TABLE `sensor_data` CHANGE `risk_score` `risk_score` TINYINT DEFAULT 0 COMMENT '0-100 percentage';
Executing (default): ALTER TABLE `sensor_data` CHANGE `risk_level` `risk_level` ENUM('normal', 'low', 'medium', 'high', 'critical') DEFAULT 'normal';
Executing (default): ALTER TABLE `sensor_data` CHANGE `reading_timestamp` `reading_timestamp` DATETIME;
Executing (default): ALTER TABLE `sensor_data` CHANGE `created_at` `created_at` DATETIME NOT NULL;
Executing (default): ALTER TABLE `sensor_data` CHANGE `updated_at` `updated_at` DATETIME NOT NULL;
Executing (default): SHOW INDEX FROM `sensor_data`
Executing (default): SELECT TABLE_NAME FROM INFORMATION_SCHEMA.TABLES WHERE TABLE_TYPE = 'BASE TABLE' AND TABLE_NAME = 'alert_rules' AND TABLE_SCHEMA = 'landslide_ews'
Executing (default): SHOW FULL COLUMNS FROM `alert_rules`;
Executing (default): SELECT CONSTRAINT_NAME as constraint_name,CONSTRAINT_NAME as constraintName,CONSTRAINT_SCHEMA as constraintSchema,CONSTRAINT_SCHEMA as constraintCatalog,TABLE_NAME as tableName,TABLE_SCHEMA as tableSchema,TABLE_SCHEMA as tableCatalog,COLUMN_NAME as columnName,REFERENCED_TABLE_SCHEMA as referencedTableSchema,REFERENCED_TABLE_SCHEMA as referencedTableCatalog,REFERENCED_TABLE_NAME as referencedTableName,REFERENCED_COLUMN_NAME as referencedColumnName FROM INFORMATION_SCHEMA.KEY_COLUMN_USAGE where TABLE_NAME = 'alert_rules' AND CONSTRAINT_NAME!='PRIMARY' AND CONSTRAINT_SCHEMA='landslide_ews' AND REFERENCED_TABLE_NAME IS NOT NULL;
Executing (default): ALTER TABLE `alert_rules` CHANGE `name` `name` VARCHAR(100) NOT NULL;
Executing (default): ALTER TABLE `alert_rules` CHANGE `description` `description` TEXT;
Executing (default): ALTER TABLE `alert_rules` CHANGE `parameter` `parameter` ENUM('rainfall', 'soil_moisture', 'tilt', 'vibration', 'temperature', 'risk_score', 'battery') NOT NULL;
Executing (default): ALTER TABLE `alert_rules` CHANGE `operator` `operator` ENUM('>', '>=', '<', '<=', '=', '!=') NOT NULL;
Executing (default): ALTER TABLE `alert_rules` CHANGE `threshold_value` `threshold_value` DECIMAL(10,3) NOT NULL;
Executing (default): ALTER TABLE `alert_rules` CHANGE `duration_minutes` `duration_minutes` INTEGER DEFAULT 5 COMMENT 'Condition must persist for this many minutes';
Executing (default): ALTER TABLE `alert_rules` CHANGE `severity` `severity` ENUM('low', 'medium', 'high', 'critical') DEFAULT 'medium';
Executing (default): ALTER TABLE `alert_rules` CHANGE `is_active` `is_active` TINYINT(1) DEFAULT true;
Executing (default): SELECT CONSTRAINT_CATALOG AS constraintCatalog, CONSTRAINT_NAME AS constraintName, CONSTRAINT_SCHEMA AS constraintSchema, CONSTRAINT_TYPE AS constraintType, TABLE_NAME AS tableName, TABLE_SCHEMA AS tableSchema from INFORMATION_SCHEMA.TABLE_CONSTRAINTS WHERE table_name='alert_rules' AND constraint_name = 'alert_rules_ibfk_51' AND TABLE_SCHEMA = 'landslide_ews';
Executing (default): ALTER TABLE `alert_rules` DROP FOREIGN KEY `alert_rules_ibfk_51`;
Executing (default): ALTER TABLE `alert_rules` ADD FOREIGN KEY (`location_id`) REFERENCES `locations` (`id`) ON DELETE CASCADE ON UPDATE CASCADE;
Executing (default): SELECT CONSTRAINT_CATALOG AS constraintCatalog, CONSTRAINT_NAME AS constraintName, CONSTRAINT_SCHEMA AS constraintSchema, CONSTRAINT_TYPE AS constraintType, TABLE_NAME AS tableName, TABLE_SCHEMA AS tableSchema from INFORMATION_SCHEMA.TABLE_CONSTRAINTS WHERE table_name='alert_rules' AND constraint_name = 'alert_rules_ibfk_52' AND TABLE_SCHEMA = 'landslide_ews';
Executing (default): ALTER TABLE `alert_rules` DROP FOREIGN KEY `alert_rules_ibfk_52`;
Executing (default): ALTER TABLE `alert_rules` ADD FOREIGN KEY (`created_by`) REFERENCES `users` (`id`) ON DELETE NO ACTION ON UPDATE CASCADE;
Executing (default): ALTER TABLE `alert_rules` CHANGE `created_at` `created_at` DATETIME NOT NULL;
Executing (default): ALTER TABLE `alert_rules` CHANGE `updated_at` `updated_at` DATETIME NOT NULL;
Executing (default): SHOW INDEX FROM `alert_rules`
Executing (default): SELECT TABLE_NAME FROM INFORMATION_SCHEMA.TABLES WHERE TABLE_TYPE = 'BASE TABLE' AND TABLE_NAME = 'alerts' AND TABLE_SCHEMA = 'landslide_ews'
Executing (default): SHOW FULL COLUMNS FROM `alerts`;
Executing (default): SELECT CONSTRAINT_NAME as constraint_name,CONSTRAINT_NAME as constraintName,CONSTRAINT_SCHEMA as constraintSchema,CONSTRAINT_SCHEMA as constraintCatalog,TABLE_NAME as tableName,TABLE_SCHEMA as tableSchema,TABLE_SCHEMA as tableCatalog,COLUMN_NAME as columnName,REFERENCED_TABLE_SCHEMA as referencedTableSchema,REFERENCED_TABLE_SCHEMA as referencedTableCatalog,REFERENCED_TABLE_NAME as referencedTableName,REFERENCED_COLUMN_NAME as referencedColumnName FROM INFORMATION_SCHEMA.KEY_COLUMN_USAGE where TABLE_NAME = 'alerts' AND CONSTRAINT_NAME!='PRIMARY' AND CONSTRAINT_SCHEMA='landslide_ews' AND REFERENCED_TABLE_NAME IS NOT NULL;
Executing (default): SELECT CONSTRAINT_CATALOG AS constraintCatalog, CONSTRAINT_NAME AS constraintName, CONSTRAINT_SCHEMA AS constraintSchema, CONSTRAINT_TYPE AS constraintType, TABLE_NAME AS tableName, TABLE_SCHEMA AS tableSchema from INFORMATION_SCHEMA.TABLE_CONSTRAINTS WHERE table_name='alerts' AND constraint_name = 'alerts_ibfk_101' AND TABLE_SCHEMA = 'landslide_ews';
Executing (default): ALTER TABLE `alerts` DROP FOREIGN KEY `alerts_ibfk_101`;
Executing (default): ALTER TABLE `alerts` ADD FOREIGN KEY (`alert_rule_id`) REFERENCES `alert_rules` (`id`) ON DELETE NO ACTION ON UPDATE CASCADE;
Executing (default): SELECT CONSTRAINT_CATALOG AS constraintCatalog, CONSTRAINT_NAME AS constraintName, CONSTRAINT_SCHEMA AS constraintSchema, CONSTRAINT_TYPE AS constraintType, TABLE_NAME AS tableName, TABLE_SCHEMA AS tableSchema from INFORMATION_SCHEMA.TABLE_CONSTRAINTS WHERE table_name='alerts' AND constraint_name = 'alerts_ibfk_102' AND TABLE_SCHEMA = 'landslide_ews';
Executing (default): ALTER TABLE `alerts` DROP FOREIGN KEY `alerts_ibfk_102`;
Executing (default): ALTER TABLE `alerts` ADD FOREIGN KEY (`node_id`) REFERENCES `sensor_nodes` (`node_id`) ON DELETE CASCADE ON UPDATE CASCADE;
Executing (default): SELECT CONSTRAINT_CATALOG AS constraintCatalog, CONSTRAINT_NAME AS constraintName, CONSTRAINT_SCHEMA AS constraintSchema, CONSTRAINT_TYPE AS constraintType, TABLE_NAME AS tableName, TABLE_SCHEMA AS tableSchema from INFORMATION_SCHEMA.TABLE_CONSTRAINTS WHERE table_name='alerts' AND constraint_name = 'alerts_ibfk_103' AND TABLE_SCHEMA = 'landslide_ews';
Executing (default): ALTER TABLE `alerts` DROP FOREIGN KEY `alerts_ibfk_103`;
Executing (default): ALTER TABLE `alerts` ADD FOREIGN KEY (`location_id`) REFERENCES `locations` (`id`) ON DELETE CASCADE ON UPDATE CASCADE;
Executing (default): ALTER TABLE `alerts` CHANGE `alert_type` `alert_type` VARCHAR(50) NOT NULL;
Executing (default): ALTER TABLE `alerts` CHANGE `message` `message` TEXT NOT NULL;
Executing (default): ALTER TABLE `alerts` CHANGE `severity` `severity` ENUM('low', 'medium', 'high', 'critical') NOT NULL;
Executing (default): ALTER TABLE `alerts` CHANGE `parameter_value` `parameter_value` DECIMAL(10,3) NOT NULL;
Executing (default): ALTER TABLE `alerts` CHANGE `parameter_threshold` `parameter_threshold` DECIMAL(10,3) NOT NULL;
Executing (default): ALTER TABLE `alerts` CHANGE `is_acknowledged` `is_acknowledged` TINYINT(1) DEFAULT false;
Executing (default): SELECT CONSTRAINT_CATALOG AS constraintCatalog, CONSTRAINT_NAME AS constraintName, CONSTRAINT_SCHEMA AS constraintSchema, CONSTRAINT_TYPE AS constraintType, TABLE_NAME AS tableName, TABLE_SCHEMA AS tableSchema from INFORMATION_SCHEMA.TABLE_CONSTRAINTS WHERE table_name='alerts' AND constraint_name = 'alerts_ibfk_104' AND TABLE_SCHEMA = 'landslide_ews';
Executing (default): ALTER TABLE `alerts` DROP FOREIGN KEY `alerts_ibfk_104`;
Executing (default): ALTER TABLE `alerts` ADD FOREIGN KEY (`acknowledged_by`) REFERENCES `users` (`id`) ON DELETE CASCADE ON UPDATE CASCADE;
Executing (default): ALTER TABLE `alerts` CHANGE `acknowledged_at` `acknowledged_at` DATETIME;
Executing (default): ALTER TABLE `alerts` CHANGE `resolved` `resolved` TINYINT(1) DEFAULT false;
Executing (default): ALTER TABLE `alerts` CHANGE `resolved_at` `resolved_at` DATETIME;
Executing (default): ALTER TABLE `alerts` CHANGE `created_at` `created_at` DATETIME NOT NULL;
Executing (default): ALTER TABLE `alerts` CHANGE `updated_at` `updated_at` DATETIME NOT NULL;
Executing (default): SHOW INDEX FROM `alerts`
Executing (default): SELECT TABLE_NAME FROM INFORMATION_SCHEMA.TABLES WHERE TABLE_TYPE = 'BASE TABLE' AND TABLE_NAME = 'notification_settings' AND TABLE_SCHEMA = 'landslide_ews'
Executing (default): SHOW FULL COLUMNS FROM `notification_settings`;
Executing (default): SELECT CONSTRAINT_NAME as constraint_name,CONSTRAINT_NAME as constraintName,CONSTRAINT_SCHEMA as constraintSchema,CONSTRAINT_SCHEMA as constraintCatalog,TABLE_NAME as tableName,TABLE_SCHEMA as tableSchema,TABLE_SCHEMA as tableCatalog,COLUMN_NAME as columnName,REFERENCED_TABLE_SCHEMA as referencedTableSchema,REFERENCED_TABLE_SCHEMA as referencedTableCatalog,REFERENCED_TABLE_NAME as referencedTableName,REFERENCED_COLUMN_NAME as referencedColumnName FROM INFORMATION_SCHEMA.KEY_COLUMN_USAGE where TABLE_NAME = 'notification_settings' AND CONSTRAINT_NAME!='PRIMARY' AND CONSTRAINT_SCHEMA='landslide_ews' AND REFERENCED_TABLE_NAME IS NOT NULL;
Executing (default): SELECT CONSTRAINT_CATALOG AS constraintCatalog, CONSTRAINT_NAME AS constraintName, CONSTRAINT_SCHEMA AS constraintSchema, CONSTRAINT_TYPE AS constraintType, TABLE_NAME AS tableName, TABLE_SCHEMA AS tableSchema from INFORMATION_SCHEMA.TABLE_CONSTRAINTS WHERE table_name='notification_settings' AND constraint_name = 'notification_settings_ibfk_1' AND TABLE_SCHEMA = 'landslide_ews';
Executing (default): ALTER TABLE `notification_settings` DROP FOREIGN KEY `notification_settings_ibfk_1`;
Executing (default): ALTER TABLE `notification_settings` ADD FOREIGN KEY (`user_id`) REFERENCES `users` (`id`) ON DELETE CASCADE ON UPDATE CASCADE;
Executing (default): ALTER TABLE `notification_settings` CHANGE `email_notifications` `email_notifications` TINYINT(1) DEFAULT true;
Executing (default): ALTER TABLE `notification_settings` CHANGE `push_notifications` `push_notifications` TINYINT(1) DEFAULT true;
Executing (default): ALTER TABLE `notification_settings` CHANGE `sms_notifications` `sms_notifications` TINYINT(1) DEFAULT false;
Executing (default): ALTER TABLE `notification_settings` CHANGE `low_severity` `low_severity` TINYINT(1) DEFAULT true;
Executing (default): ALTER TABLE `notification_settings` CHANGE `medium_severity` `medium_severity` TINYINT(1) DEFAULT true;
Executing (default): ALTER TABLE `notification_settings` CHANGE `high_severity` `high_severity` TINYINT(1) DEFAULT true;
Executing (default): ALTER TABLE `notification_settings` CHANGE `critical_severity` `critical_severity` TINYINT(1) DEFAULT true;
Executing (default): ALTER TABLE `notification_settings` CHANGE `notification_frequency` `notification_frequency` ENUM('immediate', 'hourly', 'daily') DEFAULT 'immediate';
Executing (default): ALTER TABLE `notification_settings` CHANGE `created_at` `created_at` DATETIME NOT NULL;
Executing (default): ALTER TABLE `notification_settings` CHANGE `updated_at` `updated_at` DATETIME NOT NULL;
Executing (default): SHOW INDEX FROM `notification_settings`
Executing (default): SELECT TABLE_NAME FROM INFORMATION_SCHEMA.TABLES WHERE TABLE_TYPE = 'BASE TABLE' AND TABLE_NAME = 'hourly_aggregated_data' AND TABLE_SCHEMA = 'landslide_ews'
Executing (default): SHOW FULL COLUMNS FROM `hourly_aggregated_data`;
Executing (default): SELECT CONSTRAINT_NAME as constraint_name,CONSTRAINT_NAME as constraintName,CONSTRAINT_SCHEMA as constraintSchema,CONSTRAINT_SCHEMA as constraintCatalog,TABLE_NAME as tableName,TABLE_SCHEMA as tableSchema,TABLE_SCHEMA as tableCatalog,COLUMN_NAME as columnName,REFERENCED_TABLE_SCHEMA as referencedTableSchema,REFERENCED_TABLE_SCHEMA as referencedTableCatalog,REFERENCED_TABLE_NAME as referencedTableName,REFERENCED_COLUMN_NAME as referencedColumnName FROM INFORMATION_SCHEMA.KEY_COLUMN_USAGE where TABLE_NAME = 'hourly_aggregated_data' AND CONSTRAINT_NAME!='PRIMARY' AND CONSTRAINT_SCHEMA='landslide_ews' AND REFERENCED_TABLE_NAME IS NOT NULL;
Executing (default): SELECT CONSTRAINT_CATALOG AS constraintCatalog, CONSTRAINT_NAME AS constraintName, CONSTRAINT_SCHEMA AS constraintSchema, CONSTRAINT_TYPE AS constraintType, TABLE_NAME AS tableName, TABLE_SCHEMA AS tableSchema from INFORMATION_SCHEMA.TABLE_CONSTRAINTS WHERE table_name='hourly_aggregated_data' AND constraint_name = 'hourly_aggregated_data_ibfk_51' AND TABLE_SCHEMA = 'landslide_ews';
Executing (default): ALTER TABLE `hourly_aggregated_data` DROP FOREIGN KEY `hourly_aggregated_data_ibfk_51`;
Executing (default): ALTER TABLE `hourly_aggregated_data` ADD FOREIGN KEY (`node_id`) REFERENCES `sensor_nodes` (`node_id`) ON DELETE NO ACTION ON UPDATE CASCADE;
Executing (default): SELECT CONSTRAINT_CATALOG AS constraintCatalog, CONSTRAINT_NAME AS constraintName, CONSTRAINT_SCHEMA AS constraintSchema, CONSTRAINT_TYPE AS constraintType, TABLE_NAME AS tableName, TABLE_SCHEMA AS tableSchema from INFORMATION_SCHEMA.TABLE_CONSTRAINTS WHERE table_name='hourly_aggregated_data' AND constraint_name = 'hourly_aggregated_data_ibfk_52' AND TABLE_SCHEMA = 'landslide_ews';
Executing (default): ALTER TABLE `hourly_aggregated_data` DROP FOREIGN KEY `hourly_aggregated_data_ibfk_52`;
Executing (default): ALTER TABLE `hourly_aggregated_data` ADD FOREIGN KEY (`location_id`) REFERENCES `locations` (`id`) ON DELETE NO ACTION ON UPDATE CASCADE;
Executing (default): ALTER TABLE `hourly_aggregated_data` CHANGE `hour_start` `hour_start` DATETIME NOT NULL;
Executing (default): ALTER TABLE `hourly_aggregated_data` CHANGE `rainfall_total` `rainfall_total` DECIMAL(8,2) DEFAULT 0;
Executing (default): ALTER TABLE `hourly_aggregated_data` CHANGE `rainfall_max` `rainfall_max` DECIMAL(6,2) DEFAULT 0;
Executing (default): ALTER TABLE `hourly_aggregated_data` CHANGE `soil_moisture_avg` `soil_moisture_avg` DECIMAL(5,2) DEFAULT 0;
Executing (default): ALTER TABLE `hourly_aggregated_data` CHANGE `tilt_x_max` `tilt_x_max` DECIMAL(5,2) DEFAULT 0;
Executing (default): ALTER TABLE `hourly_aggregated_data` CHANGE `tilt_y_max` `tilt_y_max` DECIMAL(5,2) DEFAULT 0;
Executing (default): ALTER TABLE `hourly_aggregated_data` CHANGE `vibration_max` `vibration_max` DECIMAL(5,3) DEFAULT 0;
Executing (default): ALTER TABLE `hourly_aggregated_data` CHANGE `temperature_avg` `temperature_avg` DECIMAL(5,2) DEFAULT 0;
Executing (default): ALTER TABLE `hourly_aggregated_data` CHANGE `risk_score_avg` `risk_score_avg` DECIMAL(5,2) DEFAULT 0;
Executing (default): ALTER TABLE `hourly_aggregated_data` CHANGE `risk_score_max` `risk_score_max` TINYINT DEFAULT 0;
Executing (default): ALTER TABLE `hourly_aggregated_data` CHANGE `risk_level` `risk_level` ENUM('normal', 'low', 'medium', 'high', 'critical') DEFAULT 'normal';
Executing (default): ALTER TABLE `hourly_aggregated_data` CHANGE `readings_count` `readings_count` INTEGER DEFAULT 0;
Executing (default): ALTER TABLE `hourly_aggregated_data` CHANGE `created_at` `created_at` DATETIME NOT NULL;
Executing (default): ALTER TABLE `hourly_aggregated_data` CHANGE `updated_at` `updated_at` DATETIME NOT NULL;
Executing (default): SHOW INDEX FROM `hourly_aggregated_data`
Executing (default): SELECT TABLE_NAME FROM INFORMATION_SCHEMA.TABLES WHERE TABLE_TYPE = 'BASE TABLE' AND TABLE_NAME = 'daily_aggregated_data' AND TABLE_SCHEMA = 'landslide_ews'
Executing (default): SHOW FULL COLUMNS FROM `daily_aggregated_data`;
Executing (default): SELECT CONSTRAINT_NAME as constraint_name,CONSTRAINT_NAME as constraintName,CONSTRAINT_SCHEMA as constraintSchema,CONSTRAINT_SCHEMA as constraintCatalog,TABLE_NAME as tableName,TABLE_SCHEMA as tableSchema,TABLE_SCHEMA as tableCatalog,COLUMN_NAME as columnName,REFERENCED_TABLE_SCHEMA as referencedTableSchema,REFERENCED_TABLE_SCHEMA as referencedTableCatalog,REFERENCED_TABLE_NAME as referencedTableName,REFERENCED_COLUMN_NAME as referencedColumnName FROM INFORMATION_SCHEMA.KEY_COLUMN_USAGE where TABLE_NAME = 'daily_aggregated_data' AND CONSTRAINT_NAME!='PRIMARY' AND CONSTRAINT_SCHEMA='landslide_ews' AND REFERENCED_TABLE_NAME IS NOT NULL;
Executing (default): SELECT CONSTRAINT_CATALOG AS constraintCatalog, CONSTRAINT_NAME AS constraintName, CONSTRAINT_SCHEMA AS constraintSchema, CONSTRAINT_TYPE AS constraintType, TABLE_NAME AS tableName, TABLE_SCHEMA AS tableSchema from INFORMATION_SCHEMA.TABLE_CONSTRAINTS WHERE table_name='daily_aggregated_data' AND constraint_name = 'daily_aggregated_data_ibfk_51' AND TABLE_SCHEMA = 'landslide_ews';
Executing (default): ALTER TABLE `daily_aggregated_data` DROP FOREIGN KEY `daily_aggregated_data_ibfk_51`;
Executing (default): ALTER TABLE `daily_aggregated_data` ADD FOREIGN KEY (`node_id`) REFERENCES `sensor_nodes` (`node_id`) ON DELETE NO ACTION ON UPDATE CASCADE;
Executing (default): SELECT CONSTRAINT_CATALOG AS constraintCatalog, CONSTRAINT_NAME AS constraintName, CONSTRAINT_SCHEMA AS constraintSchema, CONSTRAINT_TYPE AS constraintType, TABLE_NAME AS tableName, TABLE_SCHEMA AS tableSchema from INFORMATION_SCHEMA.TABLE_CONSTRAINTS WHERE table_name='daily_aggregated_data' AND constraint_name = 'daily_aggregated_data_ibfk_52' AND TABLE_SCHEMA = 'landslide_ews';
Executing (default): ALTER TABLE `daily_aggregated_data` DROP FOREIGN KEY `daily_aggregated_data_ibfk_52`;
Executing (default): ALTER TABLE `daily_aggregated_data` ADD FOREIGN KEY (`location_id`) REFERENCES `locations` (`id`) ON DELETE NO ACTION ON UPDATE CASCADE;
Executing (default): ALTER TABLE `daily_aggregated_data` CHANGE `date` `date` DATE NOT NULL;
Executing (default): ALTER TABLE `daily_aggregated_data` CHANGE `rainfall_total` `rainfall_total` DECIMAL(10,2) DEFAULT 0;
Executing (default): ALTER TABLE `daily_aggregated_data` CHANGE `rainfall_max` `rainfall_max` DECIMAL(6,2) DEFAULT 0;
Executing (default): ALTER TABLE `daily_aggregated_data` CHANGE `soil_moisture_avg` `soil_moisture_avg` DECIMAL(5,2) DEFAULT 0;
Executing (default): ALTER TABLE `daily_aggregated_data` CHANGE `tilt_max` `tilt_max` DECIMAL(5,2) DEFAULT 0;
Executing (default): ALTER TABLE `daily_aggregated_data` CHANGE `vibration_max` `vibration_max` DECIMAL(5,3) DEFAULT 0;
Executing (default): ALTER TABLE `daily_aggregated_data` CHANGE `temperature_min` `temperature_min` DECIMAL(5,2) DEFAULT 0;
Executing (default): ALTER TABLE `daily_aggregated_data` CHANGE `temperature_max` `temperature_max` DECIMAL(5,2) DEFAULT 0;
Executing (default): ALTER TABLE `daily_aggregated_data` CHANGE `risk_score_avg` `risk_score_avg` DECIMAL(5,2) DEFAULT 0;
Executing (default): ALTER TABLE `daily_aggregated_data` CHANGE `risk_score_max` `risk_score_max` TINYINT DEFAULT 0;
Executing (default): ALTER TABLE `daily_aggregated_data` CHANGE `risk_level` `risk_level` ENUM('normal', 'low', 'medium', 'high', 'critical') DEFAULT 'normal';
Executing (default): ALTER TABLE `daily_aggregated_data` CHANGE `readings_count` `readings_count` INTEGER DEFAULT 0;
Executing (default): ALTER TABLE `daily_aggregated_data` CHANGE `created_at` `created_at` DATETIME NOT NULL;
Executing (default): ALTER TABLE `daily_aggregated_data` CHANGE `updated_at` `updated_at` DATETIME NOT NULL;
Executing (default): SHOW INDEX FROM `daily_aggregated_data`
✅ Database synchronized.
🚀 Server running on port 3001
🌍 Environment: development
🔗 API Base URL: http://localhost:3001/api
📡 WebSocket URL: ws://localhost:3001
📊 ThingSpeak Integration: Active
Executing (default): SELECT `status`, COUNT(`id`) AS `count` FROM `sensor_nodes` AS `SensorNode` GROUP BY `status`;
Executing (default): SELECT `Alert`.`id`, `Alert`.`alert_rule_id`, `Alert`.`node_id`, `Alert`.`location_id`, `Alert`.`alert_type`, `Alert`.`message`, `Alert`.`severity`, `Alert`.`parameter_value`, `Alert`.`parameter_threshold`, `Alert`.`is_acknowledged`, `Alert`.`acknowledged_by`, `Alert`.`acknowledged_at`, `Alert`.`resolved`, `Alert`.`resolved_at`, `Alert`.`created_at` AS `createdAt`, `Alert`.`updated_at` AS `updatedAt`, `sensor_node`.`id` AS `sensor_node.id`, `sensor_node`.`name` AS `sensor_node.name`, `location`.`id` AS `location.id`, `location`.`name` AS `location.name` FROM `alerts` AS `Alert` LEFT OUTER JOIN `sensor_nodes` AS `sensor_node` ON `Alert`.`node_id` = `sensor_node`.`node_id` LEFT OUTER JOIN `locations` AS `location` ON `Alert`.`location_id` = `location`.`id` WHERE `Alert`.`is_acknowledged` = false ORDER BY `createdAt` DESC LIMIT 50;
Executing (default): SELECT count(*) AS `count` FROM `sensor_data` AS `SensorData`;
Executing (default): SELECT count(*) AS `count` FROM `alerts` AS `Alert` WHERE `Alert`.`is_acknowledged` = false;
Executing (default): SELECT count(*) AS `count` FROM `sensor_data` AS `SensorData` WHERE `SensorData`.`reading_timestamp` >= '2026-02-15 18:30:00';
::1 - - [16/Feb/2026:17:10:47 +0000] "GET /api/alerts/unacknowledged HTTP/1.1" 304 - "-" "Mozilla/5.0 (Windows NT 10.0; Win64; x64) AppleWebKit/537.36 (KHTML, like Gecko) Chrome/144.0.0.0 Safari/537.36"
Executing (default): SELECT count(*) AS `count` FROM `alerts` AS `Alert` WHERE `Alert`.`is_acknowledged` = false;
Executing (default): SELECT count(*) AS `count` FROM `alerts` AS `Alert` WHERE `Alert`.`created_at` >= '2026-02-15 18:30:00';
Executing (default): SELECT `SensorData`.`id`, `SensorData`.`node_id`, `SensorData`.`location_id`, `SensorData`.`rainfall`, `SensorData`.`soil_moisture`, `SensorData`.`tilt_x`, `SensorData`.`tilt_y`, `SensorData`.`vibration`, `SensorData`.`temperature`, `SensorData`.`pressure`, `SensorData`.`battery`, `SensorData`.`signal_strength`, `SensorData`.`risk_score`, `SensorData`.`risk_level`, `SensorData`.`reading_timestamp`, `SensorData`.`created_at` AS `createdAt`, `SensorData`.`updated_at` AS `updatedAt`, `sensor_node`.`id` AS `sensor_node.id`, `sensor_node`.`name` AS `sensor_node.name`, `location`.`id` AS `location.id`, `location`.`name` AS `location.name` FROM `sensor_data` AS `SensorData` LEFT OUTER JOIN `sensor_nodes` AS `sensor_node` ON `SensorData`.`node_id` = `sensor_node`.`node_id` LEFT OUTER JOIN `locations` AS `location` ON `SensorData`.`location_id` = `location`.`id` ORDER BY `SensorData`.`reading_timestamp` DESC LIMIT 5;
Executing (default): SELECT `Alert`.`id`, `Alert`.`alert_rule_id`, `Alert`.`node_id`, `Alert`.`location_id`, `Alert`.`alert_type`, `Alert`.`message`, `Alert`.`severity`, `Alert`.`parameter_value`, `Alert`.`parameter_threshold`, `Alert`.`is_acknowledged`, `Alert`.`acknowledged_by`, `Alert`.`acknowledged_at`, `Alert`.`resolved`, `Alert`.`resolved_at`, `Alert`.`created_at` AS `createdAt`, `Alert`.`updated_at` AS `updatedAt`, `sensor_node`.`id` AS `sensor_node.id`, `sensor_node`.`name` AS `sensor_node.name`, `location`.`id` AS `location.id`, `location`.`name` AS `location.name` FROM `alerts` AS `Alert` LEFT OUTER JOIN `sensor_nodes` AS `sensor_node` ON `Alert`.`node_id` = `sensor_node`.`node_id` LEFT OUTER JOIN `locations` AS `location` ON `Alert`.`location_id` = `location`.`id` ORDER BY `createdAt` DESC LIMIT 5;
::1 - - [16/Feb/2026:17:10:47 +0000] "GET /api/dashboard/overview HTTP/1.1" 200 - "-" "Mozilla/5.0 (Windows NT 10.0; Win64; x64) AppleWebKit/537.36 (KHTML, like Gecko) Chrome/144.0.0.0 Safari/537.36"
::1 - - [16/Feb/2026:17:11:13 +0000] "GET / HTTP/1.1" 304 - "-" "Mozilla/5.0 (Windows NT 10.0; Win64; x64) AppleWebKit/537.36 (KHTML, like Gecko) Chrome/144.0.0.0 Safari/537.36"
Executing (default): SELECT `status`, COUNT(`id`) AS `count` FROM `sensor_nodes` AS `SensorNode` GROUP BY `status`;
Executing (default): SELECT `Alert`.`id`, `Alert`.`alert_rule_id`, `Alert`.`node_id`, `Alert`.`location_id`, `Alert`.`alert_type`, `Alert`.`message`, `Alert`.`severity`, `Alert`.`parameter_value`, `Alert`.`parameter_threshold`, `Alert`.`is_acknowledged`, `Alert`.`acknowledged_by`, `Alert`.`acknowledged_at`, `Alert`.`resolved`, `Alert`.`resolved_at`, `Alert`.`created_at` AS `createdAt`, `Alert`.`updated_at` AS `updatedAt`, `sensor_node`.`id` AS `sensor_node.id`, `sensor_node`.`name` AS `sensor_node.name`, `location`.`id` AS `location.id`, `location`.`name` AS `location.name` FROM `alerts` AS `Alert` LEFT OUTER JOIN `sensor_nodes` AS `sensor_node` ON `Alert`.`node_id` = `sensor_node`.`node_id` LEFT OUTER JOIN `locations` AS `location` ON `Alert`.`location_id` = `location`.`id` WHERE `Alert`.`is_acknowledged` = false ORDER BY `createdAt` DESC LIMIT 50;
Executing (default): SELECT count(*) AS `count` FROM `sensor_data` AS `SensorData`;
Executing (default): SELECT count(*) AS `count` FROM `sensor_data` AS `SensorData` WHERE `SensorData`.`reading_timestamp` >= '2026-02-15 18:30:00';
Executing (default): SELECT count(*) AS `count` FROM `alerts` AS `Alert` WHERE `Alert`.`is_acknowledged` = false;
Executing (default): SELECT count(*) AS `count` FROM `alerts` AS `Alert` WHERE `Alert`.`is_acknowledged` = false;
Executing (default): SELECT count(*) AS `count` FROM `alerts` AS `Alert` WHERE `Alert`.`created_at` >= '2026-02-15 18:30:00';
Executing (default): SELECT `SensorData`.`id`, `SensorData`.`node_id`, `SensorData`.`location_id`, `SensorData`.`rainfall`, `SensorData`.`soil_moisture`, `SensorData`.`tilt_x`, `SensorData`.`tilt_y`, `SensorData`.`vibration`, `SensorData`.`temperature`, `SensorData`.`pressure`, `SensorData`.`battery`, `SensorData`.`signal_strength`, `SensorData`.`risk_score`, `SensorData`.`risk_level`, `SensorData`.`reading_timestamp`, `SensorData`.`created_at` AS `createdAt`, `SensorData`.`updated_at` AS `updatedAt`, `sensor_node`.`id` AS `sensor_node.id`, `sensor_node`.`name` AS `sensor_node.name`, `location`.`id` AS `location.id`, `location`.`name` AS `location.name` FROM `sensor_data` AS `SensorData` LEFT OUTER JOIN `sensor_nodes` AS `sensor_node` ON `SensorData`.`node_id` = `sensor_node`.`node_id` LEFT OUTER JOIN `locations` AS `location` ON `SensorData`.`location_id` = `location`.`id` ORDER BY `SensorData`.`reading_timestamp` DESC LIMIT 5;
::1 - - [16/Feb/2026:17:11:13 +0000] "GET /api/alerts/unacknowledged HTTP/1.1" 200 - "-" "Mozilla/5.0 (Windows NT 10.0; Win64; x64) AppleWebKit/537.36 (KHTML, like Gecko) Chrome/144.0.0.0 Safari/537.36"
Executing (default): SELECT `id`, `username`, `password_hash`, `full_name`, `email`, `role`, `is_active`, `last_login`, `created_at` AS `createdAt`, `updated_at` AS `updatedAt` FROM `users` AS `User` WHERE `User`.`id` = 1;
Executing (default): SELECT `Alert`.`id`, `Alert`.`alert_rule_id`, `Alert`.`node_id`, `Alert`.`location_id`, `Alert`.`alert_type`, `Alert`.`message`, `Alert`.`severity`, `Alert`.`parameter_value`, `Alert`.`parameter_threshold`, `Alert`.`is_acknowledged`, `Alert`.`acknowledged_by`, `Alert`.`acknowledged_at`, `Alert`.`resolved`, `Alert`.`resolved_at`, `Alert`.`created_at` AS `createdAt`, `Alert`.`updated_at` AS `updatedAt`, `sensor_node`.`id` AS `sensor_node.id`, `sensor_node`.`name` AS `sensor_node.name`, `location`.`id` AS `location.id`, `location`.`name` AS `location.name` FROM `alerts` AS `Alert` LEFT OUTER JOIN `sensor_nodes` AS `sensor_node` ON `Alert`.`node_id` = `sensor_node`.`node_id` LEFT OUTER JOIN `locations` AS `location` ON `Alert`.`location_id` = `location`.`id` ORDER BY `createdAt` DESC LIMIT 5;
🔌 New WebSocket connection: U88_aPr9JoKiFg7YAAAB (User: admin)
::1 - - [16/Feb/2026:17:11:14 +0000] "GET /api/dashboard/overview HTTP/1.1" 200 - "-" "Mozilla/5.0 (Windows NT 10.0; Win64; x64) AppleWebKit/537.36 (KHTML, like Gecko) Chrome/144.0.0.0 Safari/537.36"
📍 Socket U88_aPr9JoKiFg7YAAAB joined room location:1
::1 - - [16/Feb/2026:17:11:19 +0000] "GET / HTTP/1.1" 304 - "-" "Mozilla/5.0 (Windows NT 10.0; Win64; x64) AppleWebKit/537.36 (KHTML, like Gecko) Chrome/144.0.0.0 Safari/537.36"
🔌 WebSocket disconnected: U88_aPr9JoKiFg7YAAAB
Executing (default): SELECT `status`, COUNT(`id`) AS `count` FROM `sensor_nodes` AS `SensorNode` GROUP BY `status`;
Executing (default): SELECT `Alert`.`id`, `Alert`.`alert_rule_id`, `Alert`.`node_id`, `Alert`.`location_id`, `Alert`.`alert_type`, `Alert`.`message`, `Alert`.`severity`, `Alert`.`parameter_value`, `Alert`.`parameter_threshold`, `Alert`.`is_acknowledged`, `Alert`.`acknowledged_by`, `Alert`.`acknowledged_at`, `Alert`.`resolved`, `Alert`.`resolved_at`, `Alert`.`created_at` AS `createdAt`, `Alert`.`updated_at` AS `updatedAt`, `sensor_node`.`id` AS `sensor_node.id`, `sensor_node`.`name` AS `sensor_node.name`, `location`.`id` AS `location.id`, `location`.`name` AS `location.name` FROM `alerts` AS `Alert` LEFT OUTER JOIN `sensor_nodes` AS `sensor_node` ON `Alert`.`node_id` = `sensor_node`.`node_id` LEFT OUTER JOIN `locations` AS `location` ON `Alert`.`location_id` = `location`.`id` WHERE `Alert`.`is_acknowledged` = false ORDER BY `createdAt` DESC LIMIT 50;
Executing (default): SELECT count(*) AS `count` FROM `sensor_data` AS `SensorData`;
Executing (default): SELECT count(*) AS `count` FROM `sensor_data` AS `SensorData` WHERE `SensorData`.`reading_timestamp` >= '2026-02-15 18:30:00';
Executing (default): SELECT count(*) AS `count` FROM `alerts` AS `Alert` WHERE `Alert`.`is_acknowledged` = false;
Executing (default): SELECT count(*) AS `count` FROM `alerts` AS `Alert` WHERE `Alert`.`is_acknowledged` = false;
::1 - - [16/Feb/2026:17:11:19 +0000] "GET /api/alerts/unacknowledged HTTP/1.1" 304 - "-" "Mozilla/5.0 (Windows NT 10.0; Win64; x64) AppleWebKit/537.36 (KHTML, like Gecko) Chrome/144.0.0.0 Safari/537.36"
Executing (default): SELECT count(*) AS `count` FROM `alerts` AS `Alert` WHERE `Alert`.`created_at` >= '2026-02-15 18:30:00';
Executing (default): SELECT `SensorData`.`id`, `SensorData`.`node_id`, `SensorData`.`location_id`, `SensorData`.`rainfall`, `SensorData`.`soil_moisture`, `SensorData`.`tilt_x`, `SensorData`.`tilt_y`, `SensorData`.`vibration`, `SensorData`.`temperature`, `SensorData`.`pressure`, `SensorData`.`battery`, `SensorData`.`signal_strength`, `SensorData`.`risk_score`, `SensorData`.`risk_level`, `SensorData`.`reading_timestamp`, `SensorData`.`created_at` AS `createdAt`, `SensorData`.`updated_at` AS `updatedAt`, `sensor_node`.`id` AS `sensor_node.id`, `sensor_node`.`name` AS `sensor_node.name`, `location`.`id` AS `location.id`, `location`.`name` AS `location.name` FROM `sensor_data` AS `SensorData` LEFT OUTER JOIN `sensor_nodes` AS `sensor_node` ON `SensorData`.`node_id` = `sensor_node`.`node_id` LEFT OUTER JOIN `locations` AS `location` ON `SensorData`.`location_id` = `location`.`id` ORDER BY `SensorData`.`reading_timestamp` DESC LIMIT 5;
Executing (default): SELECT `Alert`.`id`, `Alert`.`alert_rule_id`, `Alert`.`node_id`, `Alert`.`location_id`, `Alert`.`alert_type`, `Alert`.`message`, `Alert`.`severity`, `Alert`.`parameter_value`, `Alert`.`parameter_threshold`, `Alert`.`is_acknowledged`, `Alert`.`acknowledged_by`, `Alert`.`acknowledged_at`, `Alert`.`resolved`, `Alert`.`resolved_at`, `Alert`.`created_at` AS `createdAt`, `Alert`.`updated_at` AS `updatedAt`, `sensor_node`.`id` AS `sensor_node.id`, `sensor_node`.`name` AS `sensor_node.name`, `location`.`id` AS `location.id`, `location`.`name` AS `location.name` FROM `alerts` AS `Alert` LEFT OUTER JOIN `sensor_nodes` AS `sensor_node` ON `Alert`.`node_id` = `sensor_node`.`node_id` LEFT OUTER JOIN `locations` AS `location` ON `Alert`.`location_id` = `location`.`id` ORDER BY `createdAt` DESC LIMIT 5;
::1 - - [16/Feb/2026:17:11:19 +0000] "GET /api/dashboard/overview HTTP/1.1" 304 - "-" "Mozilla/5.0 (Windows NT 10.0; Win64; x64) AppleWebKit/537.36 (KHTML, like Gecko) Chrome/144.0.0.0 Safari/537.36"
Executing (default): SELECT `id`, `username`, `password_hash`, `full_name`, `email`, `role`, `is_active`, `last_login`, `created_at` AS `createdAt`, `updated_at` AS `updatedAt` FROM `users` AS `User` WHERE `User`.`id` = 1;
🔌 New WebSocket connection: EHGY3Hhw_EaW0DJ6AAAD (User: admin)
📍 Socket EHGY3Hhw_EaW0DJ6AAAD joined room location:1
::1 - - [16/Feb/2026:17:11:21 +0000] "GET / HTTP/1.1" 304 - "-" "Mozilla/5.0 (Windows NT 10.0; Win64; x64) AppleWebKit/537.36 (KHTML, like Gecko) Chrome/144.0.0.0 Safari/537.36"
🔌 WebSocket disconnected: EHGY3Hhw_EaW0DJ6AAAD
Executing (default): SELECT `status`, COUNT(`id`) AS `count` FROM `sensor_nodes` AS `SensorNode` GROUP BY `status`;
Executing (default): SELECT `Alert`.`id`, `Alert`.`alert_rule_id`, `Alert`.`node_id`, `Alert`.`location_id`, `Alert`.`alert_type`, `Alert`.`message`, `Alert`.`severity`, `Alert`.`parameter_value`, `Alert`.`parameter_threshold`, `Alert`.`is_acknowledged`, `Alert`.`acknowledged_by`, `Alert`.`acknowledged_at`, `Alert`.`resolved`, `Alert`.`resolved_at`, `Alert`.`created_at` AS `createdAt`, `Alert`.`updated_at` AS `updatedAt`, `sensor_node`.`id` AS `sensor_node.id`, `sensor_node`.`name` AS `sensor_node.name`, `location`.`id` AS `location.id`, `location`.`name` AS `location.name` FROM `alerts` AS `Alert` LEFT OUTER JOIN `sensor_nodes` AS `sensor_node` ON `Alert`.`node_id` = `sensor_node`.`node_id` LEFT OUTER JOIN `locations` AS `location` ON `Alert`.`location_id` = `location`.`id` WHERE `Alert`.`is_acknowledged` = false ORDER BY `createdAt` DESC LIMIT 50;
Executing (default): SELECT count(*) AS `count` FROM `sensor_data` AS `SensorData`;
Executing (default): SELECT count(*) AS `count` FROM `sensor_data` AS `SensorData` WHERE `SensorData`.`reading_timestamp` >= '2026-02-15 18:30:00';
Executing (default): SELECT count(*) AS `count` FROM `alerts` AS `Alert` WHERE `Alert`.`is_acknowledged` = false;
Executing (default): SELECT count(*) AS `count` FROM `alerts` AS `Alert` WHERE `Alert`.`is_acknowledged` = false;
::1 - - [16/Feb/2026:17:11:21 +0000] "GET /api/alerts/unacknowledged HTTP/1.1" 304 - "-" "Mozilla/5.0 (Windows NT 10.0; Win64; x64) AppleWebKit/537.36 (KHTML, like Gecko) Chrome/144.0.0.0 Safari/537.36"
Executing (default): SELECT count(*) AS `count` FROM `alerts` AS `Alert` WHERE `Alert`.`created_at` >= '2026-02-15 18:30:00';
Executing (default): SELECT `SensorData`.`id`, `SensorData`.`node_id`, `SensorData`.`location_id`, `SensorData`.`rainfall`, `SensorData`.`soil_moisture`, `SensorData`.`tilt_x`, `SensorData`.`tilt_y`, `SensorData`.`vibration`, `SensorData`.`temperature`, `SensorData`.`pressure`, `SensorData`.`battery`, `SensorData`.`signal_strength`, `SensorData`.`risk_score`, `SensorData`.`risk_level`, `SensorData`.`reading_timestamp`, `SensorData`.`created_at` AS `createdAt`, `SensorData`.`updated_at` AS `updatedAt`, `sensor_node`.`id` AS `sensor_node.id`, `sensor_node`.`name` AS `sensor_node.name`, `location`.`id` AS `location.id`, `location`.`name` AS `location.name` FROM `sensor_data` AS `SensorData` LEFT OUTER JOIN `sensor_nodes` AS `sensor_node` ON `SensorData`.`node_id` = `sensor_node`.`node_id` LEFT OUTER JOIN `locations` AS `location` ON `SensorData`.`location_id` = `location`.`id` ORDER BY `SensorData`.`reading_timestamp` DESC LIMIT 5;
Executing (default): SELECT `Alert`.`id`, `Alert`.`alert_rule_id`, `Alert`.`node_id`, `Alert`.`location_id`, `Alert`.`alert_type`, `Alert`.`message`, `Alert`.`severity`, `Alert`.`parameter_value`, `Alert`.`parameter_threshold`, `Alert`.`is_acknowledged`, `Alert`.`acknowledged_by`, `Alert`.`acknowledged_at`, `Alert`.`resolved`, `Alert`.`resolved_at`, `Alert`.`created_at` AS `createdAt`, `Alert`.`updated_at` AS `updatedAt`, `sensor_node`.`id` AS `sensor_node.id`, `sensor_node`.`name` AS `sensor_node.name`, `location`.`id` AS `location.id`, `location`.`name` AS `location.name` FROM `alerts` AS `Alert` LEFT OUTER JOIN `sensor_nodes` AS `sensor_node` ON `Alert`.`node_id` = `sensor_node`.`node_id` LEFT OUTER JOIN `locations` AS `location` ON `Alert`.`location_id` = `location`.`id` ORDER BY `createdAt` DESC LIMIT 5;
::1 - - [16/Feb/2026:17:11:21 +0000] "GET /api/dashboard/overview HTTP/1.1" 304 - "-" "Mozilla/5.0 (Windows NT 10.0; Win64; x64) AppleWebKit/537.36 (KHTML, like Gecko) Chrome/144.0.0.0 Safari/537.36"
Executing (default): SELECT `id`, `username`, `password_hash`, `full_name`, `email`, `role`, `is_active`, `last_login`, `created_at` AS `createdAt`, `updated_at` AS `updatedAt` FROM `users` AS `User` WHERE `User`.`id` = 1;
🔌 New WebSocket connection: Ooe5A9ZXjt2ZjPTBAAAF (User: admin)
📍 Socket Ooe5A9ZXjt2ZjPTBAAAF joined room location:1
::1 - - [16/Feb/2026:17:11:22 +0000] "GET / HTTP/1.1" 304 - "-" "Mozilla/5.0 (Windows NT 10.0; Win64; x64) AppleWebKit/537.36 (KHTML, like Gecko) Chrome/144.0.0.0 Safari/537.36"
🔌 WebSocket disconnected: Ooe5A9ZXjt2ZjPTBAAAF
Executing (default): SELECT `status`, COUNT(`id`) AS `count` FROM `sensor_nodes` AS `SensorNode` GROUP BY `status`;
Executing (default): SELECT `Alert`.`id`, `Alert`.`alert_rule_id`, `Alert`.`node_id`, `Alert`.`location_id`, `Alert`.`alert_type`, `Alert`.`message`, `Alert`.`severity`, `Alert`.`parameter_value`, `Alert`.`parameter_threshold`, `Alert`.`is_acknowledged`, `Alert`.`acknowledged_by`, `Alert`.`acknowledged_at`, `Alert`.`resolved`, `Alert`.`resolved_at`, `Alert`.`created_at` AS `createdAt`, `Alert`.`updated_at` AS `updatedAt`, `sensor_node`.`id` AS `sensor_node.id`, `sensor_node`.`name` AS `sensor_node.name`, `location`.`id` AS `location.id`, `location`.`name` AS `location.name` FROM `alerts` AS `Alert` LEFT OUTER JOIN `sensor_nodes` AS `sensor_node` ON `Alert`.`node_id` = `sensor_node`.`node_id` LEFT OUTER JOIN `locations` AS `location` ON `Alert`.`location_id` = `location`.`id` WHERE `Alert`.`is_acknowledged` = false ORDER BY `createdAt` DESC LIMIT 50;
Executing (default): SELECT count(*) AS `count` FROM `sensor_data` AS `SensorData`;
Executing (default): SELECT count(*) AS `count` FROM `sensor_data` AS `SensorData` WHERE `SensorData`.`reading_timestamp` >= '2026-02-15 18:30:00';
Executing (default): SELECT count(*) AS `count` FROM `alerts` AS `Alert` WHERE `Alert`.`is_acknowledged` = false;
Executing (default): SELECT count(*) AS `count` FROM `alerts` AS `Alert` WHERE `Alert`.`is_acknowledged` = false;
::1 - - [16/Feb/2026:17:11:23 +0000] "GET /api/alerts/unacknowledged HTTP/1.1" 304 - "-" "Mozilla/5.0 (Windows NT 10.0; Win64; x64) AppleWebKit/537.36 (KHTML, like Gecko) Chrome/144.0.0.0 Safari/537.36"
Executing (default): SELECT count(*) AS `count` FROM `alerts` AS `Alert` WHERE `Alert`.`created_at` >= '2026-02-15 18:30:00';
Executing (default): SELECT `SensorData`.`id`, `SensorData`.`node_id`, `SensorData`.`location_id`, `SensorData`.`rainfall`, `SensorData`.`soil_moisture`, `SensorData`.`tilt_x`, `SensorData`.`tilt_y`, `SensorData`.`vibration`, `SensorData`.`temperature`, `SensorData`.`pressure`, `SensorData`.`battery`, `SensorData`.`signal_strength`, `SensorData`.`risk_score`, `SensorData`.`risk_level`, `SensorData`.`reading_timestamp`, `SensorData`.`created_at` AS `createdAt`, `SensorData`.`updated_at` AS `updatedAt`, `sensor_node`.`id` AS `sensor_node.id`, `sensor_node`.`name` AS `sensor_node.name`, `location`.`id` AS `location.id`, `location`.`name` AS `location.name` FROM `sensor_data` AS `SensorData` LEFT OUTER JOIN `sensor_nodes` AS `sensor_node` ON `SensorData`.`node_id` = `sensor_node`.`node_id` LEFT OUTER JOIN `locations` AS `location` ON `SensorData`.`location_id` = `location`.`id` ORDER BY `SensorData`.`reading_timestamp` DESC LIMIT 5;
Executing (default): SELECT `Alert`.`id`, `Alert`.`alert_rule_id`, `Alert`.`node_id`, `Alert`.`location_id`, `Alert`.`alert_type`, `Alert`.`message`, `Alert`.`severity`, `Alert`.`parameter_value`, `Alert`.`parameter_threshold`, `Alert`.`is_acknowledged`, `Alert`.`acknowledged_by`, `Alert`.`acknowledged_at`, `Alert`.`resolved`, `Alert`.`resolved_at`, `Alert`.`created_at` AS `createdAt`, `Alert`.`updated_at` AS `updatedAt`, `sensor_node`.`id` AS `sensor_node.id`, `sensor_node`.`name` AS `sensor_node.name`, `location`.`id` AS `location.id`, `location`.`name` AS `location.name` FROM `alerts` AS `Alert` LEFT OUTER JOIN `sensor_nodes` AS `sensor_node` ON `Alert`.`node_id` = `sensor_node`.`node_id` LEFT OUTER JOIN `locations` AS `location` ON `Alert`.`location_id` = `location`.`id` ORDER BY `createdAt` DESC LIMIT 5;
::1 - - [16/Feb/2026:17:11:23 +0000] "GET /api/dashboard/overview HTTP/1.1" 304 - "-" "Mozilla/5.0 (Windows NT 10.0; Win64; x64) AppleWebKit/537.36 (KHTML, like Gecko) Chrome/144.0.0.0 Safari/537.36"
Executing (default): SELECT `id`, `username`, `password_hash`, `full_name`, `email`, `role`, `is_active`, `last_login`, `created_at` AS `createdAt`, `updated_at` AS `updatedAt` FROM `users` AS `User` WHERE `User`.`id` = 1;
🔌 New WebSocket connection: dg8IPT3Vl0k_bPj-AAAH (User: admin)
📍 Socket dg8IPT3Vl0k_bPj-AAAH joined room location:1
⏰ Fetching ThingSpeak data (every 60000 ms)
🔄 Fetching data from ThingSpeak...
Executing (default): SELECT `SensorNode`.`id`, `SensorNode`.`node_id`, `SensorNode`.`name`, `SensorNode`.`location_id`, `SensorNode`.`sensor_type`, `SensorNode`.`status`, `SensorNode`.`battery_level`, `SensorNode`.`last_seen`, `SensorNode`.`firmware_version`, `SensorNode`.`hardware_version`, `SensorNode`.`installation_date`, `SensorNode`.`is_active`, `SensorNode`.`created_at` AS `createdAt`, `SensorNode`.`updated_at` AS `updatedAt`, `location`.`id` AS `location.id`, `location`.`name` AS `location.name`, `location`.`description` AS `location.description`, `location`.`latitude` AS `location.latitude`, `location`.`longitude` AS `location.longitude`, `location`.`altitude` AS `location.altitude`, `location`.`region` AS `location.region`, `location`.`risk_level` AS `location.risk_level`, `location`.`is_active` AS `location.is_active`, `location`.`created_at` AS `location.createdAt`, `location`.`updated_at` AS `location.updatedAt` FROM `sensor_nodes` AS `SensorNode` LEFT OUTER JOIN `locations` AS `location` ON `SensorNode`.`location_id` = `location`.`id` WHERE `SensorNode`.`node_id` = 'NODE-001';
Executing (default): INSERT INTO `sensor_data` (`id`,`node_id`,`location_id`,`rainfall`,`soil_moisture`,`tilt_x`,`tilt_y`,`vibration`,`temperature`,`pressure`,`risk_score`,`risk_level`,`reading_timestamp`,`created_at`,`updated_at`) VALUES (DEFAULT,?,?,?,?,?,?,?,?,?,?,?,?,?,?);
Executing (default): UPDATE `sensor_nodes` SET `last_seen`=?,`status`=?,`battery_level`=?,`updated_at`=? WHERE `node_id` = ?
Executing (default): SELECT `id`, `name`, `description`, `parameter`, `operator`, `threshold_value`, `duration_minutes`, `severity`, `is_active`, `location_id`, `created_by`, `created_at` AS `createdAt`, `updated_at` AS `updatedAt` FROM `alert_rules` AS `AlertRule` WHERE (`AlertRule`.`location_id` IS NULL OR `AlertRule`.`location_id` = 1) AND `AlertRule`.`is_active` = true;
Executing (default): INSERT INTO `alerts` (`id`,`alert_rule_id`,`node_id`,`location_id`,`alert_type`,`message`,`severity`,`parameter_value`,`parameter_threshold`,`is_acknowledged`,`resolved`,`created_at`,`updated_at`) VALUES (DEFAULT,?,?,?,?,?,?,?,?,?,?,?,?);
🚨 Alert created: tilt > 5.000 (Current: 119.07)
✅ Data saved for node NODE-001: {
  risk_score: 39,
  risk_level: 'low',
  timestamp: '2026-02-16T17:11:26.112Z'
}
✅ ThingSpeak data fetch completed
Executing (default): SELECT `status`, COUNT(`id`) AS `count` FROM `sensor_nodes` AS `SensorNode` GROUP BY `status`;
Executing (default): SELECT `Alert`.`id`, `Alert`.`alert_rule_id`, `Alert`.`node_id`, `Alert`.`location_id`, `Alert`.`alert_type`, `Alert`.`message`, `Alert`.`severity`, `Alert`.`parameter_value`, `Alert`.`parameter_threshold`, `Alert`.`is_acknowledged`, `Alert`.`acknowledged_by`, `Alert`.`acknowledged_at`, `Alert`.`resolved`, `Alert`.`resolved_at`, `Alert`.`created_at` AS `createdAt`, `Alert`.`updated_at` AS `updatedAt`, `sensor_node`.`id` AS `sensor_node.id`, `sensor_node`.`name` AS `sensor_node.name`, `location`.`id` AS `location.id`, `location`.`name` AS `location.name` FROM `alerts` AS `Alert` LEFT OUTER JOIN `sensor_nodes` AS `sensor_node` ON `Alert`.`node_id` = `sensor_node`.`node_id` LEFT OUTER JOIN `locations` AS `location` ON `Alert`.`location_id` = `location`.`id` WHERE `Alert`.`is_acknowledged` = false ORDER BY `createdAt` DESC LIMIT 50;
Executing (default): SELECT count(*) AS `count` FROM `sensor_data` AS `SensorData`;
Executing (default): SELECT count(*) AS `count` FROM `alerts` AS `Alert` WHERE `Alert`.`is_acknowledged` = false;
Executing (default): SELECT count(*) AS `count` FROM `sensor_data` AS `SensorData` WHERE `SensorData`.`reading_timestamp` >= '2026-02-15 18:30:00';
Executing (default): SELECT count(*) AS `count` FROM `alerts` AS `Alert` WHERE `Alert`.`is_acknowledged` = false;
Executing (default): SELECT count(*) AS `count` FROM `alerts` AS `Alert` WHERE `Alert`.`created_at` >= '2026-02-15 18:30:00';
::1 - - [16/Feb/2026:17:11:53 +0000] "GET /api/alerts/unacknowledged HTTP/1.1" 200 - "-" "Mozilla/5.0 (Windows NT 10.0; Win64; x64) AppleWebKit/537.36 (KHTML, like Gecko) Chrome/144.0.0.0 Safari/537.36"
Executing (default): SELECT `SensorData`.`id`, `SensorData`.`node_id`, `SensorData`.`location_id`, `SensorData`.`rainfall`, `SensorData`.`soil_moisture`, `SensorData`.`tilt_x`, `SensorData`.`tilt_y`, `SensorData`.`vibration`, `SensorData`.`temperature`, `SensorData`.`pressure`, `SensorData`.`battery`, `SensorData`.`signal_strength`, `SensorData`.`risk_score`, `SensorData`.`risk_level`, `SensorData`.`reading_timestamp`, `SensorData`.`created_at` AS `createdAt`, `SensorData`.`updated_at` AS `updatedAt`, `sensor_node`.`id` AS `sensor_node.id`, `sensor_node`.`name` AS `sensor_node.name`, `location`.`id` AS `location.id`, `location`.`name` AS `location.name` FROM `sensor_data` AS `SensorData` LEFT OUTER JOIN `sensor_nodes` AS `sensor_node` ON `SensorData`.`node_id` = `sensor_node`.`node_id` LEFT OUTER JOIN `locations` AS `location` ON `SensorData`.`location_id` = `location`.`id` ORDER BY `SensorData`.`reading_timestamp` DESC LIMIT 5;
Executing (default): SELECT `Alert`.`id`, `Alert`.`alert_rule_id`, `Alert`.`node_id`, `Alert`.`location_id`, `Alert`.`alert_type`, `Alert`.`message`, `Alert`.`severity`, `Alert`.`parameter_value`, `Alert`.`parameter_threshold`, `Alert`.`is_acknowledged`, `Alert`.`acknowledged_by`, `Alert`.`acknowledged_at`, `Alert`.`resolved`, `Alert`.`resolved_at`, `Alert`.`created_at` AS `createdAt`, `Alert`.`updated_at` AS `updatedAt`, `sensor_node`.`id` AS `sensor_node.id`, `sensor_node`.`name` AS `sensor_node.name`, `location`.`id` AS `location.id`, `location`.`name` AS `location.name` FROM `alerts` AS `Alert` LEFT OUTER JOIN `sensor_nodes` AS `sensor_node` ON `Alert`.`node_id` = `sensor_node`.`node_id` LEFT OUTER JOIN `locations` AS `location` ON `Alert`.`location_id` = `location`.`id` ORDER BY `createdAt` DESC LIMIT 5;
::1 - - [16/Feb/2026:17:11:53 +0000] "GET /api/dashboard/overview HTTP/1.1" 200 - "-" "Mozilla/5.0 (Windows NT 10.0; Win64; x64) AppleWebKit/537.36 (KHTML, like Gecko) Chrome/144.0.0.0 Safari/537.36"
Executing (default): SELECT `status`, COUNT(`id`) AS `count` FROM `sensor_nodes` AS `SensorNode` GROUP BY `status`;
Executing (default): SELECT `Alert`.`id`, `Alert`.`alert_rule_id`, `Alert`.`node_id`, `Alert`.`location_id`, `Alert`.`alert_type`, `Alert`.`message`, `Alert`.`severity`, `Alert`.`parameter_value`, `Alert`.`parameter_threshold`, `Alert`.`is_acknowledged`, `Alert`.`acknowledged_by`, `Alert`.`acknowledged_at`, `Alert`.`resolved`, `Alert`.`resolved_at`, `Alert`.`created_at` AS `createdAt`, `Alert`.`updated_at` AS `updatedAt`, `sensor_node`.`id` AS `sensor_node.id`, `sensor_node`.`name` AS `sensor_node.name`, `location`.`id` AS `location.id`, `location`.`name` AS `location.name` FROM `alerts` AS `Alert` LEFT OUTER JOIN `sensor_nodes` AS `sensor_node` ON `Alert`.`node_id` = `sensor_node`.`node_id` LEFT OUTER JOIN `locations` AS `location` ON `Alert`.`location_id` = `location`.`id` WHERE `Alert`.`is_acknowledged` = false ORDER BY `createdAt` DESC LIMIT 50;
Executing (default): SELECT count(*) AS `count` FROM `sensor_data` AS `SensorData`;
Executing (default): SELECT count(*) AS `count` FROM `sensor_data` AS `SensorData` WHERE `SensorData`.`reading_timestamp` >= '2026-02-15 18:30:00';
Executing (default): SELECT count(*) AS `count` FROM `alerts` AS `Alert` WHERE `Alert`.`is_acknowledged` = false;
Executing (default): SELECT count(*) AS `count` FROM `alerts` AS `Alert` WHERE `Alert`.`is_acknowledged` = false;
::1 - - [16/Feb/2026:17:12:23 +0000] "GET /api/alerts/unacknowledged HTTP/1.1" 304 - "-" "Mozilla/5.0 (Windows NT 10.0; Win64; x64) AppleWebKit/537.36 (KHTML, like Gecko) Chrome/144.0.0.0 Safari/537.36"
Executing (default): SELECT count(*) AS `count` FROM `alerts` AS `Alert` WHERE `Alert`.`created_at` >= '2026-02-15 18:30:00';
Executing (default): SELECT `SensorData`.`id`, `SensorData`.`node_id`, `SensorData`.`location_id`, `SensorData`.`rainfall`, `SensorData`.`soil_moisture`, `SensorData`.`tilt_x`, `SensorData`.`tilt_y`, `SensorData`.`vibration`, `SensorData`.`temperature`, `SensorData`.`pressure`, `SensorData`.`battery`, `SensorData`.`signal_strength`, `SensorData`.`risk_score`, `SensorData`.`risk_level`, `SensorData`.`reading_timestamp`, `SensorData`.`created_at` AS `createdAt`, `SensorData`.`updated_at` AS `updatedAt`, `sensor_node`.`id` AS `sensor_node.id`, `sensor_node`.`name` AS `sensor_node.name`, `location`.`id` AS `location.id`, `location`.`name` AS `location.name` FROM `sensor_data` AS `SensorData` LEFT OUTER JOIN `sensor_nodes` AS `sensor_node` ON `SensorData`.`node_id` = `sensor_node`.`node_id` LEFT OUTER JOIN `locations` AS `location` ON `SensorData`.`location_id` = `location`.`id` ORDER BY `SensorData`.`reading_timestamp` DESC LIMIT 5;
Executing (default): SELECT `Alert`.`id`, `Alert`.`alert_rule_id`, `Alert`.`node_id`, `Alert`.`location_id`, `Alert`.`alert_type`, `Alert`.`message`, `Alert`.`severity`, `Alert`.`parameter_value`, `Alert`.`parameter_threshold`, `Alert`.`is_acknowledged`, `Alert`.`acknowledged_by`, `Alert`.`acknowledged_at`, `Alert`.`resolved`, `Alert`.`resolved_at`, `Alert`.`created_at` AS `createdAt`, `Alert`.`updated_at` AS `updatedAt`, `sensor_node`.`id` AS `sensor_node.id`, `sensor_node`.`name` AS `sensor_node.name`, `location`.`id` AS `location.id`, `location`.`name` AS `location.name` FROM `alerts` AS `Alert` LEFT OUTER JOIN `sensor_nodes` AS `sensor_node` ON `Alert`.`node_id` = `sensor_node`.`node_id` LEFT OUTER JOIN `locations` AS `location` ON `Alert`.`location_id` = `location`.`id` ORDER BY `createdAt` DESC LIMIT 5;
::1 - - [16/Feb/2026:17:12:23 +0000] "GET /api/dashboard/overview HTTP/1.1" 304 - "-" "Mozilla/5.0 (Windows NT 10.0; Win64; x64) AppleWebKit/537.36 (KHTML, like Gecko) Chrome/144.0.0.0 Safari/537.36"
⏰ Fetching ThingSpeak data (every 60000 ms)
🔄 Fetching data from ThingSpeak...
Executing (default): SELECT `SensorNode`.`id`, `SensorNode`.`node_id`, `SensorNode`.`name`, `SensorNode`.`location_id`, `SensorNode`.`sensor_type`, `SensorNode`.`status`, `SensorNode`.`battery_level`, `SensorNode`.`last_seen`, `SensorNode`.`firmware_version`, `SensorNode`.`hardware_version`, `SensorNode`.`installation_date`, `SensorNode`.`is_active`, `SensorNode`.`created_at` AS `createdAt`, `SensorNode`.`updated_at` AS `updatedAt`, `location`.`id` AS `location.id`, `location`.`name` AS `location.name`, `location`.`description` AS `location.description`, `location`.`latitude` AS `location.latitude`, `location`.`longitude` AS `location.longitude`, `location`.`altitude` AS `location.altitude`, `location`.`region` AS `location.region`, `location`.`risk_level` AS `location.risk_level`, `location`.`is_active` AS `location.is_active`, `location`.`created_at` AS `location.createdAt`, `location`.`updated_at` AS `location.updatedAt` FROM `sensor_nodes` AS `SensorNode` LEFT OUTER JOIN `locations` AS `location` ON `SensorNode`.`location_id` = `location`.`id` WHERE `SensorNode`.`node_id` = 'NODE-001';
Executing (default): INSERT INTO `sensor_data` (`id`,`node_id`,`location_id`,`rainfall`,`soil_moisture`,`tilt_x`,`tilt_y`,`vibration`,`temperature`,`pressure`,`risk_score`,`risk_level`,`reading_timestamp`,`created_at`,`updated_at`) VALUES (DEFAULT,?,?,?,?,?,?,?,?,?,?,?,?,?,?);
Executing (default): UPDATE `sensor_nodes` SET `last_seen`=?,`status`=?,`battery_level`=?,`updated_at`=? WHERE `node_id` = ?
Executing (default): SELECT `id`, `name`, `description`, `parameter`, `operator`, `threshold_value`, `duration_minutes`, `severity`, `is_active`, `location_id`, `created_by`, `created_at` AS `createdAt`, `updated_at` AS `updatedAt` FROM `alert_rules` AS `AlertRule` WHERE (`AlertRule`.`location_id` IS NULL OR `AlertRule`.`location_id` = 1) AND `AlertRule`.`is_active` = true;
Executing (default): INSERT INTO `alerts` (`id`,`alert_rule_id`,`node_id`,`location_id`,`alert_type`,`message`,`severity`,`parameter_value`,`parameter_threshold`,`is_acknowledged`,`resolved`,`created_at`,`updated_at`) VALUES (DEFAULT,?,?,?,?,?,?,?,?,?,?,?,?);
🚨 Alert created: tilt > 5.000 (Current: 119.07)
✅ Data saved for node NODE-001: {
  risk_score: 39,
  risk_level: 'low',
  timestamp: '2026-02-16T17:12:25.918Z'
}
✅ ThingSpeak data fetch completed
::1 - - [16/Feb/2026:17:12:29 +0000] "GET / HTTP/1.1" 304 - "-" "Mozilla/5.0 (Windows NT 10.0; Win64; x64) AppleWebKit/537.36 (KHTML, like Gecko) Chrome/144.0.0.0 Safari/537.36"
🔌 WebSocket disconnected: dg8IPT3Vl0k_bPj-AAAH
Executing (default): SELECT `status`, COUNT(`id`) AS `count` FROM `sensor_nodes` AS `SensorNode` GROUP BY `status`;
Executing (default): SELECT `Alert`.`id`, `Alert`.`alert_rule_id`, `Alert`.`node_id`, `Alert`.`location_id`, `Alert`.`alert_type`, `Alert`.`message`, `Alert`.`severity`, `Alert`.`parameter_value`, `Alert`.`parameter_threshold`, `Alert`.`is_acknowledged`, `Alert`.`acknowledged_by`, `Alert`.`acknowledged_at`, `Alert`.`resolved`, `Alert`.`resolved_at`, `Alert`.`created_at` AS `createdAt`, `Alert`.`updated_at` AS `updatedAt`, `sensor_node`.`id` AS `sensor_node.id`, `sensor_node`.`name` AS `sensor_node.name`, `location`.`id` AS `location.id`, `location`.`name` AS `location.name` FROM `alerts` AS `Alert` LEFT OUTER JOIN `sensor_nodes` AS `sensor_node` ON `Alert`.`node_id` = `sensor_node`.`node_id` LEFT OUTER JOIN `locations` AS `location` ON `Alert`.`location_id` = `location`.`id` WHERE `Alert`.`is_acknowledged` = false ORDER BY `createdAt` DESC LIMIT 50;
Executing (default): SELECT count(*) AS `count` FROM `sensor_data` AS `SensorData`;
Executing (default): SELECT count(*) AS `count` FROM `sensor_data` AS `SensorData` WHERE `SensorData`.`reading_timestamp` >= '2026-02-15 18:30:00';
Executing (default): SELECT count(*) AS `count` FROM `alerts` AS `Alert` WHERE `Alert`.`is_acknowledged` = false;
Executing (default): SELECT count(*) AS `count` FROM `alerts` AS `Alert` WHERE `Alert`.`is_acknowledged` = false;
Executing (default): SELECT count(*) AS `count` FROM `alerts` AS `Alert` WHERE `Alert`.`created_at` >= '2026-02-15 18:30:00';
Executing (default): SELECT `SensorData`.`id`, `SensorData`.`node_id`, `SensorData`.`location_id`, `SensorData`.`rainfall`, `SensorData`.`soil_moisture`, `SensorData`.`tilt_x`, `SensorData`.`tilt_y`, `SensorData`.`vibration`, `SensorData`.`temperature`, `SensorData`.`pressure`, `SensorData`.`battery`, `SensorData`.`signal_strength`, `SensorData`.`risk_score`, `SensorData`.`risk_level`, `SensorData`.`reading_timestamp`, `SensorData`.`created_at` AS `createdAt`, `SensorData`.`updated_at` AS `updatedAt`, `sensor_node`.`id` AS `sensor_node.id`, `sensor_node`.`name` AS `sensor_node.name`, `location`.`id` AS `location.id`, `location`.`name` AS `location.name` FROM `sensor_data` AS `SensorData` LEFT OUTER JOIN `sensor_nodes` AS `sensor_node` ON `SensorData`.`node_id` = `sensor_node`.`node_id` LEFT OUTER JOIN `locations` AS `location` ON `SensorData`.`location_id` = `location`.`id` ORDER BY `SensorData`.`reading_timestamp` DESC LIMIT 5;
::1 - - [16/Feb/2026:17:12:30 +0000] "GET /api/alerts/unacknowledged HTTP/1.1" 200 - "-" "Mozilla/5.0 (Windows NT 10.0; Win64; x64) AppleWebKit/537.36 (KHTML, like Gecko) Chrome/144.0.0.0 Safari/537.36"
Executing (default): SELECT `Alert`.`id`, `Alert`.`alert_rule_id`, `Alert`.`node_id`, `Alert`.`location_id`, `Alert`.`alert_type`, `Alert`.`message`, `Alert`.`severity`, `Alert`.`parameter_value`, `Alert`.`parameter_threshold`, `Alert`.`is_acknowledged`, `Alert`.`acknowledged_by`, `Alert`.`acknowledged_at`, `Alert`.`resolved`, `Alert`.`resolved_at`, `Alert`.`created_at` AS `createdAt`, `Alert`.`updated_at` AS `updatedAt`, `sensor_node`.`id` AS `sensor_node.id`, `sensor_node`.`name` AS `sensor_node.name`, `location`.`id` AS `location.id`, `location`.`name` AS `location.name` FROM `alerts` AS `Alert` LEFT OUTER JOIN `sensor_nodes` AS `sensor_node` ON `Alert`.`node_id` = `sensor_node`.`node_id` LEFT OUTER JOIN `locations` AS `location` ON `Alert`.`location_id` = `location`.`id` ORDER BY `createdAt` DESC LIMIT 5;
::1 - - [16/Feb/2026:17:12:30 +0000] "GET /api/dashboard/overview HTTP/1.1" 200 - "-" "Mozilla/5.0 (Windows NT 10.0; Win64; x64) AppleWebKit/537.36 (KHTML, like Gecko) Chrome/144.0.0.0 Safari/537.36"
Executing (default): SELECT `id`, `username`, `password_hash`, `full_name`, `email`, `role`, `is_active`, `last_login`, `created_at` AS `createdAt`, `updated_at` AS `updatedAt` FROM `users` AS `User` WHERE `User`.`id` = 1;
🔌 New WebSocket connection: X9-ge93cW38IarHvAAAJ (User: admin)
📍 Socket X9-ge93cW38IarHvAAAJ joined room location:1
Executing (default): SELECT `id`, `username`, `password_hash`, `full_name`, `email`, `role`, `is_active`, `last_login`, `created_at` AS `createdAt`, `updated_at` AS `updatedAt` FROM `users` AS `User` WHERE `User`.`id` = 1;
Executing (default): SELECT `id`, `username`, `full_name`, `email`, `role`, `is_active`, `last_login`, `created_at` AS `createdAt`, `updated_at` AS `updatedAt` FROM `users` AS `User` ORDER BY `createdAt` DESC;
::1 - - [16/Feb/2026:17:12:48 +0000] "GET /api/admin/users HTTP/1.1" 200 273 "-" "Mozilla/5.0 (Windows NT 10.0; Win64; x64) AppleWebKit/537.36 (KHTML, like Gecko) Chrome/144.0.0.0 Safari/537.36"
Executing (default): SELECT `status`, COUNT(`id`) AS `count` FROM `sensor_nodes` AS `SensorNode` GROUP BY `status`;
Executing (default): SELECT count(*) AS `count` FROM `sensor_data` AS `SensorData`;
Executing (default): SELECT count(*) AS `count` FROM `sensor_data` AS `SensorData` WHERE `SensorData`.`reading_timestamp` >= '2026-02-15 18:30:00';
Executing (default): SELECT count(*) AS `count` FROM `alerts` AS `Alert` WHERE `Alert`.`is_acknowledged` = false;
Executing (default): SELECT count(*) AS `count` FROM `alerts` AS `Alert` WHERE `Alert`.`created_at` >= '2026-02-15 18:30:00';
Executing (default): SELECT `SensorData`.`id`, `SensorData`.`node_id`, `SensorData`.`location_id`, `SensorData`.`rainfall`, `SensorData`.`soil_moisture`, `SensorData`.`tilt_x`, `SensorData`.`tilt_y`, `SensorData`.`vibration`, `SensorData`.`temperature`, `SensorData`.`pressure`, `SensorData`.`battery`, `SensorData`.`signal_strength`, `SensorData`.`risk_score`, `SensorData`.`risk_level`, `SensorData`.`reading_timestamp`, `SensorData`.`created_at` AS `createdAt`, `SensorData`.`updated_at` AS `updatedAt`, `sensor_node`.`id` AS `sensor_node.id`, `sensor_node`.`name` AS `sensor_node.name`, `location`.`id` AS `location.id`, `location`.`name` AS `location.name` FROM `sensor_data` AS `SensorData` LEFT OUTER JOIN `sensor_nodes` AS `sensor_node` ON `SensorData`.`node_id` = `sensor_node`.`node_id` LEFT OUTER JOIN `locations` AS `location` ON `SensorData`.`location_id` = `location`.`id` ORDER BY `SensorData`.`reading_timestamp` DESC LIMIT 5;
Executing (default): SELECT `Alert`.`id`, `Alert`.`alert_rule_id`, `Alert`.`node_id`, `Alert`.`location_id`, `Alert`.`alert_type`, `Alert`.`message`, `Alert`.`severity`, `Alert`.`parameter_value`, `Alert`.`parameter_threshold`, `Alert`.`is_acknowledged`, `Alert`.`acknowledged_by`, `Alert`.`acknowledged_at`, `Alert`.`resolved`, `Alert`.`resolved_at`, `Alert`.`created_at` AS `createdAt`, `Alert`.`updated_at` AS `updatedAt`, `sensor_node`.`id` AS `sensor_node.id`, `sensor_node`.`name` AS `sensor_node.name`, `location`.`id` AS `location.id`, `location`.`name` AS `location.name` FROM `alerts` AS `Alert` LEFT OUTER JOIN `sensor_nodes` AS `sensor_node` ON `Alert`.`node_id` = `sensor_node`.`node_id` LEFT OUTER JOIN `locations` AS `location` ON `Alert`.`location_id` = `location`.`id` ORDER BY `createdAt` DESC LIMIT 5;
::1 - - [16/Feb/2026:17:12:50 +0000] "GET /api/dashboard/overview HTTP/1.1" 304 - "-" "Mozilla/5.0 (Windows NT 10.0; Win64; x64) AppleWebKit/537.36 (KHTML, like Gecko) Chrome/144.0.0.0 Safari/537.36"
Executing (default): SELECT `status`, COUNT(`id`) AS `count` FROM `sensor_nodes` AS `SensorNode` GROUP BY `status`;
Executing (default): SELECT `Alert`.`id`, `Alert`.`alert_rule_id`, `Alert`.`node_id`, `Alert`.`location_id`, `Alert`.`alert_type`, `Alert`.`message`, `Alert`.`severity`, `Alert`.`parameter_value`, `Alert`.`parameter_threshold`, `Alert`.`is_acknowledged`, `Alert`.`acknowledged_by`, `Alert`.`acknowledged_at`, `Alert`.`resolved`, `Alert`.`resolved_at`, `Alert`.`created_at` AS `createdAt`, `Alert`.`updated_at` AS `updatedAt`, `sensor_node`.`id` AS `sensor_node.id`, `sensor_node`.`name` AS `sensor_node.name`, `location`.`id` AS `location.id`, `location`.`name` AS `location.name` FROM `alerts` AS `Alert` LEFT OUTER JOIN `sensor_nodes` AS `sensor_node` ON `Alert`.`node_id` = `sensor_node`.`node_id` LEFT OUTER JOIN `locations` AS `location` ON `Alert`.`location_id` = `location`.`id` WHERE `Alert`.`is_acknowledged` = false ORDER BY `createdAt` DESC LIMIT 50;
Executing (default): SELECT count(*) AS `count` FROM `sensor_data` AS `SensorData`;
Executing (default): SELECT count(*) AS `count` FROM `alerts` AS `Alert` WHERE `Alert`.`is_acknowledged` = false;
Executing (default): SELECT count(*) AS `count` FROM `sensor_data` AS `SensorData` WHERE `SensorData`.`reading_timestamp` >= '2026-02-15 18:30:00';
::1 - - [16/Feb/2026:17:13:00 +0000] "GET /api/alerts/unacknowledged HTTP/1.1" 304 - "-" "Mozilla/5.0 (Windows NT 10.0; Win64; x64) AppleWebKit/537.36 (KHTML, like Gecko) Chrome/144.0.0.0 Safari/537.36"
Executing (default): SELECT count(*) AS `count` FROM `alerts` AS `Alert` WHERE `Alert`.`is_acknowledged` = false;
Executing (default): SELECT count(*) AS `count` FROM `alerts` AS `Alert` WHERE `Alert`.`created_at` >= '2026-02-15 18:30:00';
Executing (default): SELECT `SensorData`.`id`, `SensorData`.`node_id`, `SensorData`.`location_id`, `SensorData`.`rainfall`, `SensorData`.`soil_moisture`, `SensorData`.`tilt_x`, `SensorData`.`tilt_y`, `SensorData`.`vibration`, `SensorData`.`temperature`, `SensorData`.`pressure`, `SensorData`.`battery`, `SensorData`.`signal_strength`, `SensorData`.`risk_score`, `SensorData`.`risk_level`, `SensorData`.`reading_timestamp`, `SensorData`.`created_at` AS `createdAt`, `SensorData`.`updated_at` AS `updatedAt`, `sensor_node`.`id` AS `sensor_node.id`, `sensor_node`.`name` AS `sensor_node.name`, `location`.`id` AS `location.id`, `location`.`name` AS `location.name` FROM `sensor_data` AS `SensorData` LEFT OUTER JOIN `sensor_nodes` AS `sensor_node` ON `SensorData`.`node_id` = `sensor_node`.`node_id` LEFT OUTER JOIN `locations` AS `location` ON `SensorData`.`location_id` = `location`.`id` ORDER BY `SensorData`.`reading_timestamp` DESC LIMIT 5;
Executing (default): SELECT `Alert`.`id`, `Alert`.`alert_rule_id`, `Alert`.`node_id`, `Alert`.`location_id`, `Alert`.`alert_type`, `Alert`.`message`, `Alert`.`severity`, `Alert`.`parameter_value`, `Alert`.`parameter_threshold`, `Alert`.`is_acknowledged`, `Alert`.`acknowledged_by`, `Alert`.`acknowledged_at`, `Alert`.`resolved`, `Alert`.`resolved_at`, `Alert`.`created_at` AS `createdAt`, `Alert`.`updated_at` AS `updatedAt`, `sensor_node`.`id` AS `sensor_node.id`, `sensor_node`.`name` AS `sensor_node.name`, `location`.`id` AS `location.id`, `location`.`name` AS `location.name` FROM `alerts` AS `Alert` LEFT OUTER JOIN `sensor_nodes` AS `sensor_node` ON `Alert`.`node_id` = `sensor_node`.`node_id` LEFT OUTER JOIN `locations` AS `location` ON `Alert`.`location_id` = `location`.`id` ORDER BY `createdAt` DESC LIMIT 5;
::1 - - [16/Feb/2026:17:13:00 +0000] "GET /api/dashboard/overview HTTP/1.1" 304 - "-" "Mozilla/5.0 (Windows NT 10.0; Win64; x64) AppleWebKit/537.36 (KHTML, like Gecko) Chrome/144.0.0.0 Safari/537.36"
⏰ Fetching ThingSpeak data (every 60000 ms)
🔄 Fetching data from ThingSpeak...
Executing (default): SELECT `SensorNode`.`id`, `SensorNode`.`node_id`, `SensorNode`.`name`, `SensorNode`.`location_id`, `SensorNode`.`sensor_type`, `SensorNode`.`status`, `SensorNode`.`battery_level`, `SensorNode`.`last_seen`, `SensorNode`.`firmware_version`, `SensorNode`.`hardware_version`, `SensorNode`.`installation_date`, `SensorNode`.`is_active`, `SensorNode`.`created_at` AS `createdAt`, `SensorNode`.`updated_at` AS `updatedAt`, `location`.`id` AS `location.id`, `location`.`name` AS `location.name`, `location`.`description` AS `location.description`, `location`.`latitude` AS `location.latitude`, `location`.`longitude` AS `location.longitude`, `location`.`altitude` AS `location.altitude`, `location`.`region` AS `location.region`, `location`.`risk_level` AS `location.risk_level`, `location`.`is_active` AS `location.is_active`, `location`.`created_at` AS `location.createdAt`, `location`.`updated_at` AS `location.updatedAt` FROM `sensor_nodes` AS `SensorNode` LEFT OUTER JOIN `locations` AS `location` ON `SensorNode`.`location_id` = `location`.`id` WHERE `SensorNode`.`node_id` = 'NODE-001';
Executing (default): INSERT INTO `sensor_data` (`id`,`node_id`,`location_id`,`rainfall`,`soil_moisture`,`tilt_x`,`tilt_y`,`vibration`,`temperature`,`pressure`,`risk_score`,`risk_level`,`reading_timestamp`,`created_at`,`updated_at`) VALUES (DEFAULT,?,?,?,?,?,?,?,?,?,?,?,?,?,?);
Executing (default): UPDATE `sensor_nodes` SET `last_seen`=?,`status`=?,`battery_level`=?,`updated_at`=? WHERE `node_id` = ?
Executing (default): SELECT `id`, `name`, `description`, `parameter`, `operator`, `threshold_value`, `duration_minutes`, `severity`, `is_active`, `location_id`, `created_by`, `created_at` AS `createdAt`, `updated_at` AS `updatedAt` FROM `alert_rules` AS `AlertRule` WHERE (`AlertRule`.`location_id` IS NULL OR `AlertRule`.`location_id` = 1) AND `AlertRule`.`is_active` = true;
Executing (default): INSERT INTO `alerts` (`id`,`alert_rule_id`,`node_id`,`location_id`,`alert_type`,`message`,`severity`,`parameter_value`,`parameter_threshold`,`is_acknowledged`,`resolved`,`created_at`,`updated_at`) VALUES (DEFAULT,?,?,?,?,?,?,?,?,?,?,?,?);
🚨 Alert created: tilt > 5.000 (Current: 119.07)
✅ Data saved for node NODE-001: {
  risk_score: 39,
  risk_level: 'low',
  timestamp: '2026-02-16T17:13:25.984Z'
}
✅ ThingSpeak data fetch completed
Executing (default): SELECT `status`, COUNT(`id`) AS `count` FROM `sensor_nodes` AS `SensorNode` GROUP BY `status`;
Executing (default): SELECT `Alert`.`id`, `Alert`.`alert_rule_id`, `Alert`.`node_id`, `Alert`.`location_id`, `Alert`.`alert_type`, `Alert`.`message`, `Alert`.`severity`, `Alert`.`parameter_value`, `Alert`.`parameter_threshold`, `Alert`.`is_acknowledged`, `Alert`.`acknowledged_by`, `Alert`.`acknowledged_at`, `Alert`.`resolved`, `Alert`.`resolved_at`, `Alert`.`created_at` AS `createdAt`, `Alert`.`updated_at` AS `updatedAt`, `sensor_node`.`id` AS `sensor_node.id`, `sensor_node`.`name` AS `sensor_node.name`, `location`.`id` AS `location.id`, `location`.`name` AS `location.name` FROM `alerts` AS `Alert` LEFT OUTER JOIN `sensor_nodes` AS `sensor_node` ON `Alert`.`node_id` = `sensor_node`.`node_id` LEFT OUTER JOIN `locations` AS `location` ON `Alert`.`location_id` = `location`.`id` WHERE `Alert`.`is_acknowledged` = false ORDER BY `createdAt` DESC LIMIT 50;
Executing (default): SELECT count(*) AS `count` FROM `sensor_data` AS `SensorData`;
Executing (default): SELECT count(*) AS `count` FROM `alerts` AS `Alert` WHERE `Alert`.`is_acknowledged` = false;
Executing (default): SELECT count(*) AS `count` FROM `sensor_data` AS `SensorData` WHERE `SensorData`.`reading_timestamp` >= '2026-02-15 18:30:00';
Executing (default): SELECT count(*) AS `count` FROM `alerts` AS `Alert` WHERE `Alert`.`is_acknowledged` = false;
Executing (default): SELECT count(*) AS `count` FROM `alerts` AS `Alert` WHERE `Alert`.`created_at` >= '2026-02-15 18:30:00';
::1 - - [16/Feb/2026:17:13:30 +0000] "GET /api/alerts/unacknowledged HTTP/1.1" 200 - "-" "Mozilla/5.0 (Windows NT 10.0; Win64; x64) AppleWebKit/537.36 (KHTML, like Gecko) Chrome/144.0.0.0 Safari/537.36"
Executing (default): SELECT `SensorData`.`id`, `SensorData`.`node_id`, `SensorData`.`location_id`, `SensorData`.`rainfall`, `SensorData`.`soil_moisture`, `SensorData`.`tilt_x`, `SensorData`.`tilt_y`, `SensorData`.`vibration`, `SensorData`.`temperature`, `SensorData`.`pressure`, `SensorData`.`battery`, `SensorData`.`signal_strength`, `SensorData`.`risk_score`, `SensorData`.`risk_level`, `SensorData`.`reading_timestamp`, `SensorData`.`created_at` AS `createdAt`, `SensorData`.`updated_at` AS `updatedAt`, `sensor_node`.`id` AS `sensor_node.id`, `sensor_node`.`name` AS `sensor_node.name`, `location`.`id` AS `location.id`, `location`.`name` AS `location.name` FROM `sensor_data` AS `SensorData` LEFT OUTER JOIN `sensor_nodes` AS `sensor_node` ON `SensorData`.`node_id` = `sensor_node`.`node_id` LEFT OUTER JOIN `locations` AS `location` ON `SensorData`.`location_id` = `location`.`id` ORDER BY `SensorData`.`reading_timestamp` DESC LIMIT 5;
Executing (default): SELECT `Alert`.`id`, `Alert`.`alert_rule_id`, `Alert`.`node_id`, `Alert`.`location_id`, `Alert`.`alert_type`, `Alert`.`message`, `Alert`.`severity`, `Alert`.`parameter_value`, `Alert`.`parameter_threshold`, `Alert`.`is_acknowledged`, `Alert`.`acknowledged_by`, `Alert`.`acknowledged_at`, `Alert`.`resolved`, `Alert`.`resolved_at`, `Alert`.`created_at` AS `createdAt`, `Alert`.`updated_at` AS `updatedAt`, `sensor_node`.`id` AS `sensor_node.id`, `sensor_node`.`name` AS `sensor_node.name`, `location`.`id` AS `location.id`, `location`.`name` AS `location.name` FROM `alerts` AS `Alert` LEFT OUTER JOIN `sensor_nodes` AS `sensor_node` ON `Alert`.`node_id` = `sensor_node`.`node_id` LEFT OUTER JOIN `locations` AS `location` ON `Alert`.`location_id` = `location`.`id` ORDER BY `createdAt` DESC LIMIT 5;
::1 - - [16/Feb/2026:17:13:30 +0000] "GET /api/dashboard/overview HTTP/1.1" 200 - "-" "Mozilla/5.0 (Windows NT 10.0; Win64; x64) AppleWebKit/537.36 (KHTML, like Gecko) Chrome/144.0.0.0 Safari/537.36"
